adalbert
Adalbert
aDalbert
adAlbert
adaLbert
adalBert
adalbErt
adalbeRt
adalberT
adam
Adam
aDam
adAm
adaM
adamko
Adamko
aDamko
adAmko
adaMko
adamKo
adamkO
adela
Adela
aDela
adEla
adeLa
adelA
adelka
Adelka
aDelka
adElka
adeLka
adelKa
adelkA
adolf
Adolf
aDolf
adOlf
adoLf
adolF
adrián
Adrián
aDrián
adRián
adrIán
adriÁn
adriáN
adrian
Adrian
aDrian
adRian
adrIan
adriAn
adriaN
adriána
Adriána
aDriána
adRiána
adrIána
adriÁna
adriáNa
adriánA
adriana
Adriana
aDriana
adRiana
adrIana
adriAna
adriaNa
adrianA
adriano
Adriano
aDriano
adRiano
adrIano
adriAno
adriaNo
adrianO
agáta
Agáta
aGáta
agÁta
agáTa
agátA
agata
Agata
aGata
agAta
agaTa
agatA
agátka
Agátka
aGátka
agÁtka
agáTka
agátKa
agátkA
agatka
Agatka
aGatka
agAtka
agaTka
agatKa
agatkA
agnesa
Agnesa
aGnesa
agNesa
agnEsa
agneSa
agnesA
alan
Alan
aLan
alAn
alaN
alana
Alana
aLana
alAna
alaNa
alanA
albert
Albert
aLbert
alBert
albErt
albeRt
alberT
albín
Albín
aLbín
alBín
albÍn
albíN
albin
Albin
aLbin
alBin
albIn
albiN
albína
Albína
aLbína
alBína
albÍna
albíNa
albínA
albina
Albina
aLbina
alBina
albIna
albiNa
albinA
alena
Alena
aLena
alEna
aleNa
alenA
alenka
Alenka
aLenka
alEnka
aleNka
alenKa
alenkA
aleš
Aleš
aLeš
alEš
aleŠ
ales
Ales
aLes
alEs
aleS
aleško
Aleško
aLeško
alEško
aleŠko
alešKo
aleškO
alesko
Alesko
aLesko
alEsko
aleSko
alesKo
aleskO
alex
Alex
aLex
alEx
aleX
alxko
Alxko
aLxko
alXko
alxKo
alxkO
alexander
Alexander
aLexander
alExander
aleXander
alexAnder
alexaNder
alexanDer
alexandEr
alexandeR
alexandra
Alexandra
aLexandra
alExandra
aleXandra
alexAndra
alexaNdra
alexanDra
alexandRa
alexandrA
alexej
Alexej
aLexej
alExej
aleXej
alexEj
alexeJ
alexia
Alexia
aLexia
alExia
aleXia
alexIa
alexiA
alfonz
Alfonz
aLfonz
alFonz
alfOnz
alfoNz
alfonZ
alfréd
Alfréd
aLfréd
alFréd
alfRéd
alfrÉd
alfréD
alfred
Alfred
aLfred
alFred
alfRed
alfrEd
alfreD
alica
Alica
aLica
alIca
aliCa
alicA
alicka
Alicka
aLicka
alIcka
aliCka
alicKa
alickA
alojz
Alojz
aLojz
alOjz
aloJz
alojZ
alojzko
Alojzko
aLojzko
alOjzko
aloJzko
alojZko
alojzKo
alojzkO
lojzo
Lojzo
lOjzo
loJzo
lojZo
lojzO
alojzia
Alojzia
aLojzia
alOjzia
aloJzia
alojZia
alojzIa
alojziA
lojza
Lojza
lOjza
loJza
lojZa
lojzA
alžbeta
Alžbeta
aLžbeta
alŽbeta
alžBeta
alžbEta
alžbeTa
alžbetA
alzbeta
Alzbeta
aLzbeta
alZbeta
alzBeta
alzbEta
alzbeTa
alzbetA
alžbetka
Alžbetka
aLžbetka
alŽbetka
alžBetka
alžbEtka
alžbeTka
alžbetKa
alžbetkA
alzbetka
Alzbetka
aLzbetka
alZbetka
alzBetka
alzbEtka
alzbeTka
alzbetKa
alzbetkA
amália
Amália
aMália
amÁlia
amáLia
amálIa
amáliA
amalia
Amalia
aMalia
amAlia
amaLia
amalIa
amaliA
amálka
Amálka
aMálka
amÁlka
amáLka
amálKa
amálkA
amalka
Amalka
aMalka
amAlka
amaLka
amalKa
amalkA
ambróz
Ambróz
aMbróz
amBróz
ambRóz
ambrÓz
ambróZ
ambroz
Ambroz
aMbroz
amBroz
ambRoz
ambrOz
ambroZ
anabela
Anabela
aNabela
anAbela
anaBela
anabEla
anabeLa
anabelA
anabelka
Anabelka
aNabelka
anAbelka
anaBelka
anabElka
anabeLka
anabelKa
anabelkA
anastázia
Anastázia
aNastázia
anAstázia
anaStázia
anasTázia
anastÁzia
anastáZia
anastázIa
anastáziA
anastazia
Anastazia
aNastazia
anAstazia
anaStazia
anasTazia
anastAzia
anastaZia
anastazIa
anastaziA
andrea
Andrea
aNdrea
anDrea
andRea
andrEa
andreA
andrejka
Andrejka
aNdrejka
anDrejka
andRejka
andrEjka
andreJka
andrejKa
andrejkA
andrej
Andrej
aNdrej
anDrej
andRej
andrEj
andreJ
andrejko
Andrejko
aNdrejko
anDrejko
andRejko
andrEjko
andreJko
andrejKo
andrejkO
anežka
Anežka
aNežka
anEžka
aneŽka
anežKa
anežkA
anezka
Anezka
aNezka
anEzka
aneZka
anezKa
anezkA
angela
Angela
aNgela
anGela
angEla
angeLa
angelA
angelika
Angelika
aNgelika
anGelika
angElika
angeLika
angelIka
angeliKa
angelikA
anita
Anita
aNita
anIta
aniTa
anitA
anitka
Anitka
aNitka
anItka
aniTka
anitKa
anitkA
anna
Anna
aNna
anNa
annA
anička
Anička
aNička
anIčka
aniČka
aničKa
aničkA
anicka
Anicka
aNicka
anIcka
aniCka
anicKa
anickA
anton
Anton
aNton
anTon
antOn
antoN
antonko
Antonko
aNtonko
anTonko
antOnko
antoNko
antonKo
antonkO
antónia
Antónia
aNtónia
anTónia
antÓnia
antóNia
antónIa
antóniA
antonia
Antonia
aNtonia
anTonia
antOnia
antoNia
antonIa
antoniA
ariel
Ariel
aRiel
arIel
ariEl
arieL
arnold
Arnold
aRnold
arNold
arnOld
arnoLd
arnolD
áron
Áron
áRon
árOn
ároN
aron
Aron
aRon
arOn
aroN
arpád
Arpád
aRpád
arPád
arpÁd
arpáD
arpad
Arpad
aRpad
arPad
arpAd
arpaD
augustín
Augustín
aUgustín
auGustín
augUstín
auguStín
augusTín
augustÍn
augustíN
augustin
Augustin
aUgustin
auGustin
augUstin
auguStin
augusTin
augustIn
augustiN
aurel
Aurel
aUrel
auRel
aurEl
aureL
aurélia
Aurélia
aUrélia
auRélia
aurÉlia
auréLia
aurélIa
auréliA
aurelia
Aurelia
aUrelia
auRelia
aurElia
aureLia
aurelIa
aureliA
ayala
Ayala
aYala
ayAla
ayaLa
ayalA
barbara
Barbara
bArbara
baRbara
barBara
barbAra
barbaRa
barbarA
barbarka
Barbarka
bArbarka
baRbarka
barBarka
barbArka
barbaRka
barbarKa
barbarkA
barbora
Barbora
bArbora
baRbora
barBora
barbOra
barboRa
barborA
barkoborka
Barkoborka
bArkoborka
baRkoborka
barKoborka
barkOborka
barkoBorka
barkobOrka
barkoboRka
barkoborKa
barkoborkA
barnabáš
Barnabáš
bArnabáš
baRnabáš
barNabáš
barnAbáš
barnaBáš
barnabÁš
barnabáŠ
barnabas
Barnabas
bArnabas
baRnabas
barNabas
barnAbas
barnaBas
barnabAs
barnabaS
barnabáš
Barnabáš
bArnabáš
baRnabáš
barNabáš
barnAbáš
barnaBáš
barnabÁš
barnabáŠ
barnabas
Barnabas
bArnabas
baRnabas
barNabas
barnAbas
barnaBas
barnabAs
barnabaS
bartolomej
Bartolomej
bArtolomej
baRtolomej
barTolomej
bartOlomej
bartoLomej
bartolOmej
bartoloMej
bartolomEj
bartolomeJ
bartolomejko
Bartolomejko
bArtolomejko
baRtolomejko
barTolomejko
bartOlomejko
bartoLomejko
bartolOmejko
bartoloMejko
bartolomEjko
bartolomeJko
bartolomejKo
bartolomejkO
beáta
Beáta
bEáta
beÁta
beáTa
beátA
beata
Beata
bEata
beAta
beaTa
beatA
beátka
Beátka
bEátka
beÁtka
beáTka
beátKa
beátkA
beatka
Beatka
bEatka
beAtka
beaTka
beatKa
beatkA
belo
Belo
bElo
beLo
belO
beňadik
Beňadik
bEňadik
beŇadik
beňAdik
beňaDik
beňadIk
beňadiK
benadik
Benadik
bEnadik
beNadik
benAdik
benaDik
benadIk
benadiK
benedikt
Benedikt
bEnedikt
beNedikt
benEdikt
beneDikt
benedIkt
benediKt
benedikT
benjamín
Benjamín
bEnjamín
beNjamín
benJamín
benjAmín
benjaMín
benjamÍn
benjamíN
benjamin
Benjamin
bEnjamin
beNjamin
benJamin
benjAmin
benjaMin
benjamIn
benjamiN
bernard
Bernard
bErnard
beRnard
berNard
bernArd
bernaRd
bernarD
berta
Berta
bErta
beRta
berTa
bertA
bianka
Bianka
bIanka
biAnka
biaNka
bianKa
biankA
biana
Biana
bIana
biAna
biaNa
bianA
bibiána
Bibiána
bIbiána
biBiána
bibIána
bibiÁna
bibiáNa
bibiánA
bibiana
Bibiana
bIbiana
biBiana
bibIana
bibiAna
bibiaNa
bibianA
bibiánka
Bibiánka
bIbiánka
biBiánka
bibIánka
bibiÁnka
bibiáNka
bibiánKa
bibiánkA
bibianka
Bibianka
bIbianka
biBianka
bibIanka
bibiAnka
bibiaNka
bibianKa
bibiankA
blahoslav
Blahoslav
bLahoslav
blAhoslav
blaHoslav
blahOslav
blahoSlav
blahosLav
blahoslAv
blahoslaV
blanka
Blanka
bLanka
blAnka
blaNka
blanKa
blankA
blažej
Blažej
bLažej
blAžej
blaŽej
blažEj
blažeJ
blazej
Blazej
bLazej
blAzej
blaZej
blazEj
blazeJ
blažejko
Blažejko
bLažejko
blAžejko
blaŽejko
blažEjko
blažeJko
blažejKo
blažejkO
blazejko
Blazejko
bLazejko
blAzejko
blaZejko
blazEjko
blazeJko
blazejKo
blazejkO
blažena
Blažena
bLažena
blAžena
blaŽena
blažEna
blažeNa
blaženA
blazena
Blazena
bLazena
blAzena
blaZena
blazEna
blazeNa
blazenA
blaženka
Blaženka
bLaženka
blAženka
blaŽenka
blažEnka
blažeNka
blaženKa
blaženkA
blazenka
Blazenka
bLazenka
blAzenka
blaZenka
blazEnka
blazeNka
blazenKa
blazenkA
bohdan
Bohdan
bOhdan
boHdan
bohDan
bohdAn
bohdaN
bohdanko
Bohdanko
bOhdanko
boHdanko
bohDanko
bohdAnko
bohdaNko
bohdanKo
bohdankO
bohdana
Bohdana
bOhdana
boHdana
bohDana
bohdAna
bohdaNa
bohdanA
bohdanka
Bohdanka
bOhdanka
boHdanka
bohDanka
bohdAnka
bohdaNka
bohdanKa
bohdankA
bohumil
Bohumil
bOhumil
boHumil
bohUmil
bohuMil
bohumIl
bohumiL
bohumilko
Bohumilko
bOhumilko
boHumilko
bohUmilko
bohuMilko
bohumIlko
bohumiLko
bohumilKo
bohumilkO
bohumila
Bohumila
bOhumila
boHumila
bohUmila
bohuMila
bohumIla
bohumiLa
bohumilA
bohumilka
Bohumilka
bOhumilka
boHumilka
bohUmilka
bohuMilka
bohumIlka
bohumiLka
bohumilKa
bohumilkA
bohumír
Bohumír
bOhumír
boHumír
bohUmír
bohuMír
bohumÍr
bohumíR
bohumir
Bohumir
bOhumir
boHumir
bohUmir
bohuMir
bohumIr
bohumiR
bohuslav
Bohuslav
bOhuslav
boHuslav
bohUslav
bohuSlav
bohusLav
bohuslAv
bohuslaV
bohuslava
Bohuslava
bOhuslava
boHuslava
bohUslava
bohuSlava
bohusLava
bohuslAva
bohuslaVa
bohuslavA
bohuš
Bohuš
bOhuš
boHuš
bohUš
bohuŠ
bohus
Bohus
bOhus
boHus
bohUs
bohuS
bohuško
Bohuško
bOhuško
boHuško
bohUško
bohuŠko
bohušKo
bohuškO
bohusko
Bohusko
bOhusko
boHusko
bohUsko
bohuSko
bohusKo
bohuskO
boleslav
Boleslav
bOleslav
boLeslav
bolEslav
boleSlav
bolesLav
boleslAv
boleslaV
bonifác
Bonifác
bOnifác
boNifác
bonIfác
boniFác
bonifÁc
bonifáC
bonifac
Bonifac
bOnifac
boNifac
bonIfac
boniFac
bonifAc
bonifaC
bonifácko
Bonifácko
bOnifácko
boNifácko
bonIfácko
boniFácko
bonifÁcko
bonifáCko
bonifácKo
bonifáckO
bonifacko
Bonifacko
bOnifacko
boNifacko
bonIfacko
boniFacko
bonifAcko
bonifaCko
bonifacKo
bonifackO
boris
Boris
bOris
boRis
borIs
boriS
borisko
Borisko
bOrisko
boRisko
borIsko
boriSko
borisKo
boriskO
božena
Božena
bOžena
boŽena
božEna
božeNa
boženA
bozena
Bozena
bOzena
boZena
bozEna
bozeNa
bozenA
boženka
Boženka
bOženka
boŽenka
božEnka
božeNka
boženKa
boženkA
bozenka
Bozenka
bOzenka
boZenka
bozEnka
bozeNka
bozenKa
bozenkA
božidara
Božidara
bOžidara
boŽidara
božIdara
božiDara
božidAra
božidaRa
božidarA
bozidara
Bozidara
bOzidara
boZidara
bozIdara
boziDara
bozidAra
bozidaRa
bozidarA
branislav
Branislav
bRanislav
brAnislav
braNislav
branIslav
braniSlav
branisLav
branislAv
branislaV
braňo
Braňo
bRaňo
brAňo
braŇo
braňO
brano
Brano
bRano
brAno
braNo
branO
branislava
Branislava
bRanislava
brAnislava
braNislava
branIslava
braniSlava
branisLava
branislAva
branislaVa
branislavA
brfxxccxxmnpcccclllmmnprxvclmnckssqlbb11116
Brfxxccxxmnpcccclllmmnprxvclmnckssqlbb11116
bRfxxccxxmnpcccclllmmnprxvclmnckssqlbb11116
brFxxccxxmnpcccclllmmnprxvclmnckssqlbb11116
brfXxccxxmnpcccclllmmnprxvclmnckssqlbb11116
brfxXccxxmnpcccclllmmnprxvclmnckssqlbb11116
brfxxCcxxmnpcccclllmmnprxvclmnckssqlbb11116
brfxxcCxxmnpcccclllmmnprxvclmnckssqlbb11116
brfxxccXxmnpcccclllmmnprxvclmnckssqlbb11116
brfxxccxXmnpcccclllmmnprxvclmnckssqlbb11116
brfxxccxxMnpcccclllmmnprxvclmnckssqlbb11116
brfxxccxxmNpcccclllmmnprxvclmnckssqlbb11116
brfxxccxxmnPcccclllmmnprxvclmnckssqlbb11116
brfxxccxxmnpCccclllmmnprxvclmnckssqlbb11116
brfxxccxxmnpcCcclllmmnprxvclmnckssqlbb11116
brfxxccxxmnpccCclllmmnprxvclmnckssqlbb11116
brfxxccxxmnpcccClllmmnprxvclmnckssqlbb11116
brfxxccxxmnpccccLllmmnprxvclmnckssqlbb11116
brfxxccxxmnpcccclLlmmnprxvclmnckssqlbb11116
brfxxccxxmnpccccllLmmnprxvclmnckssqlbb11116
brfxxccxxmnpcccclllMmnprxvclmnckssqlbb11116
brfxxccxxmnpcccclllmMnprxvclmnckssqlbb11116
brfxxccxxmnpcccclllmmNprxvclmnckssqlbb11116
brfxxccxxmnpcccclllmmnPrxvclmnckssqlbb11116
brfxxccxxmnpcccclllmmnpRxvclmnckssqlbb11116
brfxxccxxmnpcccclllmmnprXvclmnckssqlbb11116
brfxxccxxmnpcccclllmmnprxVclmnckssqlbb11116
brfxxccxxmnpcccclllmmnprxvClmnckssqlbb11116
brfxxccxxmnpcccclllmmnprxvcLmnckssqlbb11116
brfxxccxxmnpcccclllmmnprxvclMnckssqlbb11116
brfxxccxxmnpcccclllmmnprxvclmNckssqlbb11116
brfxxccxxmnpcccclllmmnprxvclmnCkssqlbb11116
brfxxccxxmnpcccclllmmnprxvclmncKssqlbb11116
brfxxccxxmnpcccclllmmnprxvclmnckSsqlbb11116
brfxxccxxmnpcccclllmmnprxvclmncksSqlbb11116
brfxxccxxmnpcccclllmmnprxvclmnckssQlbb11116
brfxxccxxmnpcccclllmmnprxvclmnckssqLbb11116
brfxxccxxmnpcccclllmmnprxvclmnckssqlBb11116
brfxxccxxmnpcccclllmmnprxvclmnckssqlbB11116
brfxxccxxmnpcccclllmmnprxvclmnckssqlbb11116
brfxxccxxmnpcccclllmmnprxvclmnckssqlbb11116
brfxxccxxmnpcccclllmmnprxvclmnckssqlbb11116
brfxxccxxmnpcccclllmmnprxvclmnckssqlbb11116
brfxxccxxmnpcccclllmmnprxvclmnckssqlbb11116
brigita
Brigita
bRigita
brIgita
briGita
brigIta
brigiTa
brigitA
bronislava
Bronislava
bRonislava
brOnislava
broNislava
bronIslava
broniSlava
bronisLava
bronislAva
bronislaVa
bronislavA
bruno
Bruno
bRuno
brUno
bruNo
brunO
bystrík
Bystrík
bYstrík
byStrík
bysTrík
bystRík
bystrÍk
bystríK
bystrik
Bystrik
bYstrik
byStrik
bysTrik
bystRik
bystrIk
bystriK
cecília
Cecília
cEcília
ceCília
cecÍlia
cecíLia
cecílIa
cecíliA
cecilia
Cecilia
cEcilia
ceCilia
cecIlia
ceciLia
cecilIa
ceciliA
cecilka
Cecilka
cEcilka
ceCilka
cecIlka
ceciLka
cecilKa
cecilkA
ctibor
Ctibor
cTibor
ctIbor
ctiBor
ctibOr
ctiboR
ctiborko
Ctiborko
cTiborko
ctIborko
ctiBorko
ctibOrko
ctiboRko
ctiborKo
ctiborkO
cyprián
Cyprián
cYprián
cyPrián
cypRián
cyprIán
cypriÁn
cypriáN
cyprian
Cyprian
cYprian
cyPrian
cypRian
cyprIan
cypriAn
cypriaN
cyril
Cyril
cYril
cyRil
cyrIl
cyriL
cyrilko
Cyrilko
cYrilko
cyRilko
cyrIlko
cyriLko
cyrilKo
cyrilkO
dagmara
Dagmara
dAgmara
daGmara
dagMara
dagmAra
dagmaRa
dagmarA
dagmarka
Dagmarka
dAgmarka
daGmarka
dagMarka
dagmArka
dagmaRka
dagmarKa
dagmarkA
dalibor
Dalibor
dAlibor
daLibor
dalIbor
daliBor
dalibOr
daliboR
daliborko
Daliborko
dAliborko
daLiborko
dalIborko
daliBorko
dalibOrko
daliboRko
daliborKo
daliborkO
dana
Dana
dAna
daNa
danA
danka
Danka
dAnka
daNka
danKa
dankA
danica
Danica
dAnica
daNica
danIca
daniCa
danicA
daniel
Daniel
dAniel
daNiel
danIel
daniEl
danieL
danielko
Danielko
dAnielko
daNielko
danIelko
daniElko
danieLko
danielKo
danielkO
danko
Danko
dAnko
daNko
danKo
dankO
daniela
Daniela
dAniela
daNiela
danIela
daniEla
danieLa
danielA
danielka
Danielka
dAnielka
daNielka
danIelka
daniElka
danieLka
danielKa
danielkA
darina
Darina
dArina
daRina
darIna
dariNa
darinA
darinka
Darinka
dArinka
daRinka
darInka
dariNka
darinKa
darinkA
dáša
Dáša
dÁša
dáŠa
dášA
dasa
Dasa
dAsa
daSa
dasA
dáška
Dáška
dÁška
dáŠka
dášKa
dáškA
daska
Daska
dAska
daSka
dasKa
daskA
dávid
Dávid
dÁvid
dáVid
dávId
dáviD
david
David
dAvid
daVid
davId
daviD
dávidko
Dávidko
dÁvidko
dáVidko
dávIdko
dáviDko
dávidKo
dávidkO
davidko
Davidko
dAvidko
daVidko
davIdko
daviDko
davidKo
davidkO
demeter
Demeter
dEmeter
deMeter
demEter
demeTer
demetEr
demeteR
denis
Denis
dEnis
deNis
denIs
deniS
denisko
Denisko
dEnisko
deNisko
denIsko
deniSko
denisKo
deniskO
denisa
Denisa
dEnisa
deNisa
denIsa
deniSa
denisA
deniska
Deniska
dEniska
deNiska
denIska
deniSka
denisKa
deniskA
dezider
Dezider
dEzider
deZider
dezIder
deziDer
dezidEr
dezideR
deziderko
Deziderko
dEziderko
deZiderko
dezIderko
deziDerko
dezidErko
dezideRko
deziderKo
deziderkO
diana
Diana
dIana
diAna
diaNa
dianA
dianka
Dianka
dIanka
diAnka
diaNka
dianKa
diankA
dionýz
Dionýz
dIonýz
diOnýz
dioNýz
dionÝz
dionýZ
dionyz
Dionyz
dIonyz
diOnyz
dioNyz
dionYz
dionyZ
dobromila
Dobromila
dObromila
doBromila
dobRomila
dobrOmila
dobroMila
dobromIla
dobromiLa
dobromilA
dobroslav
Dobroslav
dObroslav
doBroslav
dobRoslav
dobrOslav
dobroSlav
dobrosLav
dobroslAv
dobroslaV
dobroslava
Dobroslava
dObroslava
doBroslava
dobRoslava
dobrOslava
dobroSlava
dobrosLava
dobroslAva
dobroslaVa
dobroslavA
dominik
Dominik
dOminik
doMinik
domInik
domiNik
dominIk
dominiK
dominika
Dominika
dOminika
doMinika
domInika
domiNika
dominIka
dominiKa
dominikA
dorota
Dorota
dOrota
doRota
dorOta
doroTa
dorotA
dorotka
Dorotka
dOrotka
doRotka
dorOtka
doroTka
dorotKa
dorotkA
drahomír
Drahomír
dRahomír
drAhomír
draHomír
drahOmír
drahoMír
drahomÍr
drahomíR
drahomir
Drahomir
dRahomir
drAhomir
draHomir
drahOmir
drahoMir
drahomIr
drahomiR
drahhomírko
Drahhomírko
dRahhomírko
drAhhomírko
draHhomírko
drahHomírko
drahhOmírko
drahhoMírko
drahhomÍrko
drahhomíRko
drahhomírKo
drahhomírkO
drahhomirko
Drahhomirko
dRahhomirko
drAhhomirko
draHhomirko
drahHomirko
drahhOmirko
drahhoMirko
drahhomIrko
drahhomiRko
drahhomirKo
drahhomirkO
drahomíra
Drahomíra
dRahomíra
drAhomíra
draHomíra
drahOmíra
drahoMíra
drahomÍra
drahomíRa
drahomírA
drahomira
Drahomira
dRahomira
drAhomira
draHomira
drahOmira
drahoMira
drahomIra
drahomiRa
drahomirA
drahoslav
Drahoslav
dRahoslav
drAhoslav
draHoslav
drahOslav
drahoSlav
drahosLav
drahoslAv
drahoslaV
drahoslava
Drahoslava
dRahoslava
drAhoslava
draHoslava
drahOslava
drahoSlava
drahosLava
drahoslAva
drahoslaVa
drahoslavA
dušan
Dušan
dUšan
duŠan
dušAn
dušaN
dusan
Dusan
dUsan
duSan
dusAn
dusaN
duško
Duško
dUško
duŠko
dušKo
duškO
dusko
Dusko
dUsko
duSko
dusKo
duskO
dušana
Dušana
dUšana
duŠana
dušAna
dušaNa
dušanA
dusana
Dusana
dUsana
duSana
dusAna
dusaNa
dusanA
eder
Eder
eDer
edEr
edeR
edita
Edita
eDita
edIta
ediTa
editA
editka
Editka
eDitka
edItka
ediTka
editKa
editkA
edmund
Edmund
eDmund
edMund
edmUnd
edmuNd
edmunD
edmundko
Edmundko
eDmundko
edMundko
edmUndko
edmuNdko
edmunDko
edmundKo
edmundkO
eduard
Eduard
eDuard
edUard
eduArd
eduaRd
eduarD
eduardko
Eduardko
eDuardko
edUardko
eduArdko
eduaRdko
eduarDko
eduardKo
eduardkO
ela
Ela
eLa
elA
elena
Elena
eLena
elEna
eleNa
elenA
elenka
Elenka
eLenka
elEnka
eleNka
elenKa
elenkA
eleonóra
Eleonóra
eLeonóra
elEonóra
eleOnóra
eleoNóra
eleonÓra
eleonóRa
eleonórA
eleonora
Eleonora
eLeonora
elEonora
eleOnora
eleoNora
eleonOra
eleonoRa
eleonorA
eliáš
Eliáš
eLiáš
elIáš
eliÁš
eliáŠ
elias
Elias
eLias
elIas
eliAs
eliaS
elisa
Elisa
eLisa
elIsa
eliSa
elisA
eliška
Eliška
eLiška
elIška
eliŠka
elišKa
eliškA
eliska
Eliska
eLiska
elIska
eliSka
elisKa
eliskA
elvíra
Elvíra
eLvíra
elVíra
elvÍra
elvíRa
elvírA
elvira
Elvira
eLvira
elVira
elvIra
elviRa
elvirA
ema
Ema
eMa
emA
emka
Emka
eMka
emKa
emkA
emanuel
Emanuel
eManuel
emAnuel
emaNuel
emanUel
emanuEl
emanueL
emil
Emil
eMil
emIl
emiL
emília
Emília
eMília
emÍlia
emíLia
emílIa
emíliA
emilia
Emilia
eMilia
emIlia
emiLia
emilIa
emiliA
enna
Enna
eNna
enNa
ennA
erik
Erik
eRik
erIk
eriK
erika
Erika
eRika
erIka
eriKa
erikA
ernest
Ernest
eRnest
erNest
ernEst
erneSt
ernesT
ervín
Ervín
eRvín
erVín
ervÍn
ervíN
ervin
Ervin
eRvin
erVin
ervIn
erviN
ester
Ester
eSter
esTer
estEr
esteR
estera
Estera
eStera
esTera
estEra
esteRa
esterA
etela
Etela
eTela
etEla
eteLa
etelA
eugen
Eugen
eUgen
euGen
eugEn
eugeN
eugénia
Eugénia
eUgénia
euGénia
eugÉnia
eugéNia
eugénIa
eugéniA
eugenia
Eugenia
eUgenia
euGenia
eugEnia
eugeNia
eugenIa
eugeniA
eulália
Eulália
eUlália
euLália
eulÁlia
euláLia
eulálIa
euláliA
eulalia
Eulalia
eUlalia
euLalia
eulAlia
eulaLia
eulalIa
eulaliA
eunika
Eunika
eUnika
euNika
eunIka
euniKa
eunikA
eva
Eva
eVa
evA
evka
Evka
eVka
evKa
evkA
fedor
Fedor
fEdor
feDor
fedOr
fedoR
félix
Félix
fÉlix
féLix
félIx
féliX
felix
Felix
fElix
feLix
felIx
feliX
ferdinand
Ferdinand
fErdinand
feRdinand
ferDinand
ferdInand
ferdiNand
ferdinAnd
ferdinaNd
ferdinanD
filip
Filip
fIlip
fiLip
filIp
filiP
filoména
Filoména
fIloména
fiLoména
filOména
filoMéna
filomÉna
filoméNa
filoménA
filomena
Filomena
fIlomena
fiLomena
filOmena
filoMena
filomEna
filomeNa
filomenA
florián
Florián
fLorián
flOrián
floRián
florIán
floriÁn
floriáN
florian
Florian
fLorian
flOrian
floRian
florIan
floriAn
floriaN
františek
František
fRantišek
frAntišek
fraNtišek
franTišek
frantIšek
frantiŠek
františEk
františeK
frantisek
Frantisek
fRantisek
frAntisek
fraNtisek
franTisek
frantIsek
frantiSek
frantisEk
frantiseK
františka
Františka
fRantiška
frAntiška
fraNtiška
franTiška
frantIška
frantiŠka
františKa
františkA
frantiska
Frantiska
fRantiska
frAntiska
fraNtiska
franTiska
frantIska
frantiSka
frantisKa
frantiskA
frederik
Frederik
fRederik
frEderik
freDerik
fredErik
fredeRik
frederIk
frederiK
frederika
Frederika
fRederika
frEderika
freDerika
fredErika
fredeRika
frederIka
frederiKa
frederikA
fridrich
Fridrich
fRidrich
frIdrich
friDrich
fridRich
fridrIch
fridriCh
fridricH
gabriel
Gabriel
gAbriel
gaBriel
gabRiel
gabrIel
gabriEl
gabrieL
gabriela
Gabriela
gAbriela
gaBriela
gabRiela
gabrIela
gabriEla
gabrieLa
gabrielA
galina
Galina
gAlina
gaLina
galIna
galiNa
galinA
gašpar
Gašpar
gAšpar
gaŠpar
gašPar
gašpAr
gašpaR
gaspar
Gaspar
gAspar
gaSpar
gasPar
gaspAr
gaspaR
gejza
Gejza
gEjza
geJza
gejZa
gejzA
gertrúda
Gertrúda
gErtrúda
geRtrúda
gerTrúda
gertRúda
gertrÚda
gertrúDa
gertrúdA
gertruda
Gertruda
gErtruda
geRtruda
gerTruda
gertRuda
gertrUda
gertruDa
gertrudA
gizela
Gizela
gIzela
giZela
gizEla
gizeLa
gizelA
gizelka
Gizelka
gIzelka
giZelka
gizElka
gizeLka
gizelKa
gizelkA
gregor
Gregor
gRegor
grEgor
greGor
gregOr
gregoR
gustáv
Gustáv
gUstáv
guStáv
gusTáv
gustÁv
gustáV
gustav
Gustav
gUstav
guStav
gusTav
gustAv
gustaV
halina
Halina
hAlina
haLina
halIna
haliNa
halinA
hana
Hana
hAna
haNa
hanA
hanka
Hanka
hAnka
haNka
hanKa
hankA
hedviga
Hedviga
hEdviga
heDviga
hedViga
hedvIga
hedviGa
hedvigA
helena
Helena
hElena
heLena
helEna
heleNa
helenA
helenka
Helenka
hElenka
heLenka
helEnka
heleNka
helenKa
helenkA
henrieta
Henrieta
hEnrieta
heNrieta
henRieta
henrIeta
henriEta
henrieTa
henrietA
henrich
Henrich
hEnrich
heNrich
henRich
henrIch
henriCh
henricH
herbert
Herbert
hErbert
heRbert
herBert
herbErt
herbeRt
herberT
hermína
Hermína
hErmína
heRmína
herMína
hermÍna
hermíNa
hermínA
hermina
Hermina
hErmina
heRmina
herMina
hermIna
hermiNa
herminA
hilda
Hilda
hIlda
hiLda
hilDa
hildA
hilduška
Hilduška
hIlduška
hiLduška
hilDuška
hildUška
hilduŠka
hildušKa
hilduškA
hilduska
Hilduska
hIlduska
hiLduska
hilDuska
hildUska
hilduSka
hildusKa
hilduskA
hortenzia
Hortenzia
hOrtenzia
hoRtenzia
horTenzia
hortEnzia
horteNzia
hortenZia
hortenzIa
hortenziA
hubert
Hubert
hUbert
huBert
hubErt
hubeRt
huberT
hubertko
Hubertko
hUbertko
huBertko
hubErtko
hubeRtko
huberTko
hubertKo
hubertkO
hugo
Hugo
hUgo
huGo
hugO
ida
Ida
iDa
idA
ignác
Ignác
iGnác
igNác
ignÁc
ignáC
ignac
Ignac
iGnac
igNac
ignAc
ignaC
ignácko
Ignácko
iGnácko
igNácko
ignÁcko
ignáCko
ignácKo
ignáckO
ignacko
Ignacko
iGnacko
igNacko
ignAcko
ignaCko
ignacKo
ignackO
igor
Igor
iGor
igOr
igoR
igorko
Igorko
iGorko
igOrko
igoRko
igorKo
igorkO
iľja
Iľja
iĽja
iľJa
iľjA
ilja
Ilja
iLja
ilJa
iljA
imrich
Imrich
iMrich
imRich
imrIch
imriCh
imricH
imriško
Imriško
iMriško
imRiško
imrIško
imriŠko
imrišKo
imriškO
imrisko
Imrisko
iMrisko
imRisko
imrIsko
imriSko
imrisKo
imriskO
ingrida
Ingrida
iNgrida
inGrida
ingRida
ingrIda
ingriDa
ingridA
ingridka
Ingridka
iNgridka
inGridka
ingRidka
ingrIdka
ingriDka
ingridKa
ingridkA
ingrid
Ingrid
iNgrid
inGrid
ingRid
ingrId
ingriD
irena
Irena
iRena
irEna
ireNa
irenA
irenka
Irenka
iRenka
irEnka
ireNka
irenKa
irenkA
iris
Iris
iRis
irIs
iriS
irma
Irma
iRma
irMa
irmA
ivan
Ivan
iVan
ivAn
ivaN
ivanko
Ivanko
iVanko
ivAnko
ivaNko
ivanKo
ivankO
ivana
Ivana
iVana
ivAna
ivaNa
ivanA
ivanka
Ivanka
iVanka
ivAnka
ivaNka
ivanKa
ivankA
iveta
Iveta
iVeta
ivEta
iveTa
ivetA
ivetka
Ivetka
iVetka
ivEtka
iveTka
ivetKa
ivetkA
ivica
Ivica
iVica
ivIca
iviCa
ivicA
ivona
Ivona
iVona
ivOna
ivoNa
ivonA
ivonka
Ivonka
iVonka
ivOnka
ivoNka
ivonKa
ivonkA
izabela
Izabela
iZabela
izAbela
izaBela
izabEla
izabeLa
izabelA
izabelka
Izabelka
iZabelka
izAbelka
izaBelka
izabElka
izabeLka
izabelKa
izabelkA
izidor
Izidor
iZidor
izIdor
iziDor
izidOr
izidoR
izidorko
Izidorko
iZidorko
izIdorko
iziDorko
izidOrko
izidoRko
izidorKo
izidorkO
jakub
Jakub
jAkub
jaKub
jakUb
jakuB
jakobuko
Jakobuko
jAkobuko
jaKobuko
jakObuko
jakoBuko
jakobUko
jakobuKo
jakobukO
ján
Ján
jÁn
jáN
jan
Jan
jAn
jaN
janko
Janko
jAnko
jaNko
janKo
jankO
jana
Jana
jAna
jaNa
janA
janka
Janka
jAnka
jaNka
janKa
jankA
jarmila
Jarmila
jArmila
jaRmila
jarMila
jarmIla
jarmiLa
jarmilA
jarmilka
Jarmilka
jArmilka
jaRmilka
jarMilka
jarmIlka
jarmiLka
jarmilKa
jarmilkA
jarolím
Jarolím
jArolím
jaRolím
jarOlím
jaroLím
jarolÍm
jarolíM
jarolim
Jarolim
jArolim
jaRolim
jarOlim
jaroLim
jarolIm
jaroliM
jaromír
Jaromír
jAromír
jaRomír
jarOmír
jaroMír
jaromÍr
jaromíR
jaromir
Jaromir
jAromir
jaRomir
jarOmir
jaroMir
jaromIr
jaromiR
jaromíra
Jaromíra
jAromíra
jaRomíra
jarOmíra
jaroMíra
jaromÍra
jaromíRa
jaromírA
jaromira
Jaromira
jAromira
jaRomira
jarOmira
jaroMira
jaromIra
jaromiRa
jaromirA
jaroslav
Jaroslav
jAroslav
jaRoslav
jarOslav
jaroSlav
jarosLav
jaroslAv
jaroslaV
jarko
Jarko
jArko
jaRko
jarKo
jarkO
jaroslavko
Jaroslavko
jAroslavko
jaRoslavko
jarOslavko
jaroSlavko
jarosLavko
jaroslAvko
jaroslaVko
jaroslavKo
jaroslavkO
jaroslava
Jaroslava
jAroslava
jaRoslava
jarOslava
jaroSlava
jarosLava
jaroslAva
jaroslaVa
jaroslavA
jaroslavka
Jaroslavka
jAroslavka
jaRoslavka
jarOslavka
jaroSlavka
jarosLavka
jaroslAvka
jaroslaVka
jaroslavKa
jaroslavkA
jarka
Jarka
jArka
jaRka
jarKa
jarkA
jela
Jela
jEla
jeLa
jelA
jerguš
Jerguš
jErguš
jeRguš
jerGuš
jergUš
jerguŠ
jergus
Jergus
jErgus
jeRgus
jerGus
jergUs
jerguS
jerguško
Jerguško
jErguško
jeRguško
jerGuško
jergUško
jerguŠko
jergušKo
jerguškO
jergusko
Jergusko
jErgusko
jeRgusko
jerGusko
jergUsko
jerguSko
jergusKo
jerguskO
jerry
Jerry
jErry
jeRry
jerRy
jerrY
jesika
Jesika
jEsika
jeSika
jesIka
jesiKa
jesikA
jolana
Jolana
jOlana
joLana
jolAna
jolaNa
jolanA
jolanka
Jolanka
jOlanka
joLanka
jolAnka
jolaNka
jolanKa
jolankA
jonáš
Jonáš
jOnáš
joNáš
jonÁš
jonáŠ
jonas
Jonas
jOnas
joNas
jonAs
jonaS
jozef
Jozef
jOzef
joZef
jozEf
jozeF
jožko
Jožko
jOžko
joŽko
jožKo
jožkO
jozko
Jozko
jOzko
joZko
jozKo
jozkO
jozefína
Jozefína
jOzefína
joZefína
jozEfína
jozeFína
jozefÍna
jozefíNa
jozefínA
jozefina
Jozefina
jOzefina
joZefina
jozEfina
jozeFina
jozefIna
jozefiNa
jozefinA
jožka
Jožka
jOžka
joŽka
jožKa
jožkA
jozka
Jozka
jOzka
joZka
jozKa
jozkA
judita
Judita
jUdita
juDita
judIta
judiTa
juditA
juitka
Juitka
jUitka
juItka
juiTka
juitKa
juitkA
júlia
Júlia
jÚlia
júLia
júlIa
júliA
julia
Julia
jUlia
juLia
julIa
juliA
julka
Julka
jUlka
juLka
julKa
julkA
juliana
Juliana
jUliana
juLiana
julIana
juliAna
juliaNa
julianA
július
Július
jÚlius
júLius
júlIus
júliUs
júliuS
julius
Julius
jUlius
juLius
julIus
juliUs
juliuS
julko
Julko
jUlko
juLko
julKo
julkO
juraj
Juraj
jUraj
juRaj
jurAj
juraJ
jurajko
Jurajko
jUrajko
juRajko
jurAjko
juraJko
jurajKo
jurajkO
justína
Justína
jUstína
juStína
jusTína
justÍna
justíNa
justínA
justina
Justina
jUstina
juStina
jusTina
justIna
justiNa
justinA
justínka
Justínka
jUstínka
juStínka
jusTínka
justÍnka
justíNka
justínKa
justínkA
justinka
Justinka
jUstinka
juStinka
jusTinka
justInka
justiNka
justinKa
justinkA
kamil
Kamil
kAmil
kaMil
kamIl
kamiL
kamilko
Kamilko
kAmilko
kaMilko
kamIlko
kamiLko
kamilKo
kamilkO
kamila
Kamila
kAmila
kaMila
kamIla
kamiLa
kamilA
kamilka
Kamilka
kAmilka
kaMilka
kamIlka
kamiLka
kamilKa
kamilkA
karina
Karina
kArina
kaRina
karIna
kariNa
karinA
karinka
Karinka
kArinka
kaRinka
karInka
kariNka
karinKa
karinkA
karol
Karol
kArol
kaRol
karOl
karoL
karolko
Karolko
kArolko
kaRolko
karOlko
karoLko
karolKo
karolkO
karolína
Karolína
kArolína
kaRolína
karOlína
karoLína
karolÍna
karolíNa
karolínA
karolina
Karolina
kArolina
kaRolina
karOlina
karoLina
karolIna
karoliNa
karolinA
karolínka
Karolínka
kArolínka
kaRolínka
karOlínka
karoLínka
karolÍnka
karolíNka
karolínKa
karolínkA
karolinka
Karolinka
kArolinka
kaRolinka
karOlinka
karoLinka
karolInka
karoliNka
karolinKa
karolinkA
katarína
Katarína
kAtarína
kaTarína
katArína
kataRína
katarÍna
kataríNa
katarínA
katarina
Katarina
kAtarina
kaTarina
katArina
kataRina
katarIna
katariNa
katarinA
katarínka
Katarínka
kAtarínka
kaTarínka
katArínka
kataRínka
katarÍnka
kataríNka
katarínKa
katarínkA
katarinka
Katarinka
kAtarinka
kaTarinka
katArinka
kataRinka
katarInka
katariNka
katarinKa
katarinkA
kazimír
Kazimír
kAzimír
kaZimír
kazImír
kaziMír
kazimÍr
kazimíR
kazimir
Kazimir
kAzimir
kaZimir
kazImir
kaziMir
kazimIr
kazimiR
kazimírko
Kazimírko
kAzimírko
kaZimírko
kazImírko
kaziMírko
kazimÍrko
kazimíRko
kazimírKo
kazimírkO
kazimirko
Kazimirko
kAzimirko
kaZimirko
kazImirko
kaziMirko
kazimIrko
kazimiRko
kazimirKo
kazimirkO
klára
Klára
kLára
klÁra
kláRa
klárA
klara
Klara
kLara
klAra
klaRa
klarA
klárka
Klárka
kLárka
klÁrka
kláRka
klárKa
klárkA
klarka
Klarka
kLarka
klArka
klaRka
klarKa
klarkA
klaudia
Klaudia
kLaudia
klAudia
klaUdia
klauDia
klaudIa
klaudiA
klaudínka
Klaudínka
kLaudínka
klAudínka
klaUdínka
klauDínka
klaudÍnka
klaudíNka
klaudínKa
klaudínkA
klaudinka
Klaudinka
kLaudinka
klAudinka
klaUdinka
klauDinka
klaudInka
klaudiNka
klaudinKa
klaudinkA
klement
Klement
kLement
klEment
kleMent
klemEnt
klemeNt
klemenT
klementko
Klementko
kLementko
klEmentko
kleMentko
klemEntko
klemeNtko
klemenTko
klementKo
klementkO
kliment
Kliment
kLiment
klIment
kliMent
klimEnt
klimeNt
klimenT
klimentko
Klimentko
kLimentko
klImentko
kliMentko
klimEntko
klimeNtko
klimenTko
klimentKo
klimentkO
koloman
Koloman
kOloman
koLoman
kolOman
koloMan
kolomAn
kolomaN
konštantín
Konštantín
kOnštantín
koNštantín
konŠtantín
konšTantín
konštAntín
konštaNtín
konštanTín
konštantÍn
konštantíN
konstantin
Konstantin
kOnstantin
koNstantin
konStantin
konsTantin
konstAntin
konstaNtin
konstanTin
konstantIn
konstantiN
kornel
Kornel
kOrnel
koRnel
korNel
kornEl
korneL
kornelko
Kornelko
kOrnelko
koRnelko
korNelko
kornElko
korneLko
kornelKo
kornelkO
kornélia
Kornélia
kOrnélia
koRnélia
korNélia
kornÉlia
kornéLia
kornélIa
kornéliA
kornelia
Kornelia
kOrnelia
koRnelia
korNelia
kornElia
korneLia
kornelIa
korneliA
kornelka
Kornelka
kOrnelka
koRnelka
korNelka
kornElka
korneLka
kornelKa
kornelkA
kovid
Kovid
kOvid
koVid
kovId
koviD
kristián
Kristián
kRistián
krIstián
kriStián
krisTián
kristIán
kristiÁn
kristiáN
kristian
Kristian
kRistian
krIstian
kriStian
krisTian
kristIan
kristiAn
kristiaN
kiko
Kiko
kIko
kiKo
kikO
kristína
Kristína
kRistína
krIstína
kriStína
krisTína
kristÍna
kristíNa
kristínA
kristina
Kristina
kRistina
krIstina
kriStina
krisTina
kristIna
kristiNa
kristinA
kristínka
Kristínka
kRistínka
krIstínka
kriStínka
krisTínka
kristÍnka
kristíNka
kristínKa
kristínkA
kristinka
Kristinka
kRistinka
krIstinka
kriStinka
krisTinka
kristInka
kristiNka
kristinKa
kristinkA
krištof
Krištof
kRištof
krIštof
kriŠtof
krišTof
krištOf
krištoF
kristof
Kristof
kRistof
krIstof
kriStof
krisTof
kristOf
kristoF
krištofko
Krištofko
kRištofko
krIštofko
kriŠtofko
krišTofko
krištOfko
krištoFko
krištofKo
krištofkO
kristofko
Kristofko
kRistofko
krIstofko
kriStofko
krisTofko
kristOfko
kristoFko
kristofKo
kristofkO
kvetoslav
Kvetoslav
kVetoslav
kvEtoslav
kveToslav
kvetOslav
kvetoSlav
kvetosLav
kvetoslAv
kvetoslaV
kvetoslava
Kvetoslava
kVetoslava
kvEtoslava
kveToslava
kvetOslava
kvetoSlava
kvetosLava
kvetoslAva
kvetoslaVa
kvetoslavA
kvetka
Kvetka
kVetka
kvEtka
kveTka
kvetKa
kvetkA
ladislav
Ladislav
lAdislav
laDislav
ladIslav
ladiSlav
ladisLav
ladislAv
ladislaV
laďo
Laďo
lAďo
laĎo
laďO
lado
Lado
lAdo
laDo
ladO
ladislava
Ladislava
lAdislava
laDislava
ladIslava
ladiSlava
ladisLava
ladislAva
ladislaVa
ladislavA
laura
Laura
lAura
laUra
lauRa
laurA
lea
Lea
lEa
leA
lena
Lena
lEna
leNa
lenA
lenka
Lenka
lEnka
leNka
lenKa
lenkA
leonard
Leonard
lEonard
leOnard
leoNard
leonArd
leonaRd
leonarD
leonardko
Leonardko
lEonardko
leOnardko
leoNardko
leonArdko
leonaRdko
leonarDko
leonardKo
leonardkO
leopold
Leopold
lEopold
leOpold
leoPold
leopOld
leopoLd
leopolD
leopoldko
Leopoldko
lEopoldko
leOpoldko
leoPoldko
leopOldko
leopoLdko
leopolDko
leopoldKo
leopoldkO
leopolda
Leopolda
lEopolda
leOpolda
leoPolda
leopOlda
leopoLda
leopolDa
leopoldA
lesana
Lesana
lEsana
leSana
lesAna
lesaNa
lesanA
lesia
Lesia
lEsia
leSia
lesIa
lesiA
levoslav
Levoslav
lEvoslav
leVoslav
levOslav
levoSlav
levosLav
levoslAv
levoslaV
levo
Levo
lEvo
leVo
levO
liana
Liana
lIana
liAna
liaNa
lianA
libor
Libor
lIbor
liBor
libOr
liboR
liborko
Liborko
lIborko
liBorko
libOrko
liboRko
liborKo
liborkO
libuša
Libuša
lIbuša
liBuša
libUša
libuŠa
libušA
libusa
Libusa
lIbusa
liBusa
libUsa
libuSa
libusA
libuška
Libuška
lIbuška
liBuška
libUška
libuŠka
libušKa
libuškA
libuska
Libuska
lIbuska
liBuska
libUska
libuSka
libusKa
libuskA
linda
Linda
lInda
liNda
linDa
lindA
lívia
Lívia
lÍvia
líVia
lívIa
líviA
livia
Livia
lIvia
liVia
livIa
liviA
lolita
Lolita
lOlita
loLita
lolIta
loliTa
lolitA
ľubomír
Ľubomír
ľUbomír
ľuBomír
ľubOmír
ľuboMír
ľubomÍr
ľubomíR
lubomir
Lubomir
lUbomir
luBomir
lubOmir
luboMir
lubomIr
lubomiR
ľubo
Ľubo
ľUbo
ľuBo
ľubO
lubo
Lubo
lUbo
luBo
lubO
ľubko
Ľubko
ľUbko
ľuBko
ľubKo
ľubkO
lubko
Lubko
lUbko
luBko
lubKo
lubkO
ľubomíra
Ľubomíra
ľUbomíra
ľuBomíra
ľubOmíra
ľuboMíra
ľubomÍra
ľubomíRa
ľubomírA
lubomira
Lubomira
lUbomira
luBomira
lubOmira
luboMira
lubomIra
lubomiRa
lubomirA
ľubor
Ľubor
ľUbor
ľuBor
ľubOr
ľuboR
lubor
Lubor
lUbor
luBor
lubOr
luboR
ľuboslav
Ľuboslav
ľUboslav
ľuBoslav
ľubOslav
ľuboSlav
ľubosLav
ľuboslAv
ľuboslaV
luboslav
Luboslav
lUboslav
luBoslav
lubOslav
luboSlav
lubosLav
luboslAv
luboslaV
ľuboslava
Ľuboslava
ľUboslava
ľuBoslava
ľubOslava
ľuboSlava
ľubosLava
ľuboslAva
ľuboslaVa
ľuboslavA
luboslava
Luboslava
lUboslava
luBoslava
lubOslava
luboSlava
lubosLava
luboslAva
luboslaVa
luboslavA
ľuboš
Ľuboš
ľUboš
ľuBoš
ľubOš
ľuboŠ
lubos
Lubos
lUbos
luBos
lubOs
luboS
ľuboško
Ľuboško
ľUboško
ľuBoško
ľubOško
ľuboŠko
ľubošKo
ľuboškO
lubosko
Lubosko
lUbosko
luBosko
lubOsko
luboSko
lubosKo
luboskO
lucia
Lucia
lUcia
luCia
lucIa
luciA
lucka
Lucka
lUcka
luCka
lucKa
luckA
ľudmila
Ľudmila
ľUdmila
ľuDmila
ľudMila
ľudmIla
ľudmiLa
ľudmilA
ludmila
Ludmila
lUdmila
luDmila
ludMila
ludmIla
ludmiLa
ludmilA
ľudmilka
Ľudmilka
ľUdmilka
ľuDmilka
ľudMilka
ľudmIlka
ľudmiLka
ľudmilKa
ľudmilkA
ludmilka
Ludmilka
lUdmilka
luDmilka
ludMilka
ludmIlka
ludmiLka
ludmilKa
ludmilkA
ludolf
Ludolf
lUdolf
luDolf
ludOlf
ludoLf
ludolF
ľudomil
Ľudomil
ľUdomil
ľuDomil
ľudOmil
ľudoMil
ľudomIl
ľudomiL
ludomil
Ludomil
lUdomil
luDomil
ludOmil
ludoMil
ludomIl
ludomiL
ľudomila
Ľudomila
ľUdomila
ľuDomila
ľudOmila
ľudoMila
ľudomIla
ľudomiLa
ľudomilA
ludomila
Ludomila
lUdomila
luDomila
ludOmila
ludoMila
ludomIla
ludomiLa
ludomilA
ľudovít
Ľudovít
ľUdovít
ľuDovít
ľudOvít
ľudoVít
ľudovÍt
ľudovíT
ludovit
Ludovit
lUdovit
luDovit
ludOvit
ludoVit
ludovIt
ludoviT
lujza
Lujza
lUjza
luJza
lujZa
lujzA
lukáš
Lukáš
lUkáš
luKáš
lukÁš
lukáŠ
lukas
Lukas
lUkas
luKas
lukAs
lukaS
lukáško
Lukáško
lUkáško
luKáško
lukÁško
lukáŠko
lukášKo
lukáškO
lukasko
Lukasko
lUkasko
luKasko
lukAsko
lukaSko
lukasKo
lukaskO
luna
Luna
lUna
luNa
lunA
lýdia
Lýdia
lÝdia
lýDia
lýdIa
lýdiA
lydia
Lydia
lYdia
lyDia
lydIa
lydiA
magdaléna
Magdaléna
mAgdaléna
maGdaléna
magDaléna
magdAléna
magdaLéna
magdalÉna
magdaléNa
magdalénA
magdalena
Magdalena
mAgdalena
maGdalena
magDalena
magdAlena
magdaLena
magdalEna
magdaleNa
magdalenA
magdalénka
Magdalénka
mAgdalénka
maGdalénka
magDalénka
magdAlénka
magdaLénka
magdalÉnka
magdaléNka
magdalénKa
magdalénkA
magdalenka
Magdalenka
mAgdalenka
maGdalenka
magDalenka
magdAlenka
magdaLenka
magdalEnka
magdaleNka
magdalenKa
magdalenkA
malvína
Malvína
mAlvína
maLvína
malVína
malvÍna
malvíNa
malvínA
malvina
Malvina
mAlvina
maLvina
malVina
malvIna
malviNa
malvinA
marcel
Marcel
mArcel
maRcel
marCel
marcEl
marceL
marcleko
Marcleko
mArcleko
maRcleko
marCleko
marcLeko
marclEko
marcleKo
marclekO
marcela
Marcela
mArcela
maRcela
marCela
marcEla
marceLa
marcelA
marcelka
Marcelka
mArcelka
maRcelka
marCelka
marcElka
marceLka
marcelKa
marcelkA
marek
Marek
mArek
maRek
marEk
mareK
mareček
Mareček
mAreček
maReček
marEček
mareČek
marečEk
marečeK
marecek
Marecek
mArecek
maRecek
marEcek
mareCek
marecEk
mareceK
margaréta
Margaréta
mArgaréta
maRgaréta
marGaréta
margAréta
margaRéta
margarÉta
margaréTa
margarétA
margareta
Margareta
mArgareta
maRgareta
marGareta
margAreta
margaReta
margarEta
margareTa
margaretA
margarétka
Margarétka
mArgarétka
maRgarétka
marGarétka
margArétka
margaRétka
margarÉtka
margaréTka
margarétKa
margarétkA
margaretka
Margaretka
mArgaretka
maRgaretka
marGaretka
margAretka
margaRetka
margarEtka
margareTka
margaretKa
margaretkA
margita
Margita
mArgita
maRgita
marGita
margIta
margiTa
margitA
margitka
Margitka
mArgitka
maRgitka
marGitka
margItka
margiTka
margitKa
margitkA
mária
Mária
mÁria
máRia
márIa
máriA
maria
Maria
mAria
maRia
marIa
mariA
majka
Majka
mAjka
maJka
majKa
majkA
marián
Marián
mArián
maRián
marIán
mariÁn
mariáN
marian
Marian
mArian
maRian
marIan
mariAn
mariaN
mariánko
Mariánko
mAriánko
maRiánko
marIánko
mariÁnko
mariáNko
mariánKo
mariánkO
marianko
Marianko
mArianko
maRianko
marIanko
mariAnko
mariaNko
marianKo
mariankO
marianna
Marianna
mArianna
maRianna
marIanna
mariAnna
mariaNna
marianNa
mariannA
marína
Marína
mArína
maRína
marÍna
maríNa
marínA
marina
Marina
mArina
maRina
marIna
mariNa
marinA
mário
Mário
mÁrio
máRio
márIo
máriO
mario
Mario
mArio
maRio
marIo
mariO
majo
Majo
mAjo
maJo
majO
maroš
Maroš
mAroš
maRoš
marOš
maroŠ
maros
Maros
mAros
maRos
marOs
maroS
maroško
Maroško
mAroško
maRoško
marOško
maroŠko
marošKo
maroškO
marosko
Marosko
mArosko
maRosko
marOsko
maroSko
marosKo
maroskO
marta
Marta
mArta
maRta
marTa
martA
martuška
Martuška
mArtuška
maRtuška
marTuška
martUška
martuŠka
martušKa
martuškA
martuska
Martuska
mArtuska
maRtuska
marTuska
martUska
martuSka
martusKa
martuskA
martin
Martin
mArtin
maRtin
marTin
martIn
martiN
martinko
Martinko
mArtinko
maRtinko
marTinko
martInko
martiNko
martinKo
martinkO
martina
Martina
mArtina
maRtina
marTina
martIna
martiNa
martinA
martinka
Martinka
mArtinka
maRtinka
marTinka
martInka
martiNka
martinKa
martinkA
maťa
Maťa
mAťa
maŤa
maťA
mata
Mata
mAta
maTa
matA
matej
Matej
mAtej
maTej
matEj
mateJ
maťo
Maťo
mAťo
maŤo
maťO
mato
Mato
mAto
maTo
matO
maťko
Maťko
mAťko
maŤko
maťKo
maťkO
matko
Matko
mAtko
maTko
matKo
matkO
matilda
Matilda
mAtilda
maTilda
matIlda
matiLda
matilDa
matildA
matúš
Matúš
mAtúš
maTúš
matÚš
matúŠ
matus
Matus
mAtus
maTus
matUs
matuS
matuško
Matuško
mAtuško
maTuško
matUško
matuŠko
matušKo
matuškO
matusko
Matusko
mAtusko
maTusko
matUsko
matuSko
matusKo
matuskO
maximilián
Maximilián
mAximilián
maXimilián
maxImilián
maxiMilián
maximIlián
maximiLián
maximilIán
maximiliÁn
maximiliáN
maximilian
Maximilian
mAximilian
maXimilian
maxImilian
maxiMilian
maximIlian
maximiLian
maximilIan
maximiliAn
maximiliaN
maximko
Maximko
mAximko
maXimko
maxImko
maxiMko
maximKo
maximkO
medard
Medard
mEdard
meDard
medArd
medaRd
medarD
melánia
Melánia
mElánia
meLánia
melÁnia
meláNia
melánIa
melániA
melania
Melania
mElania
meLania
melAnia
melaNia
melanIa
melaniA
metod
Metod
mEtod
meTod
metOd
metoD
metodko
Metodko
mEtodko
meTodko
metOdko
metoDko
metodKo
metodkO
michaela
Michaela
mIchaela
miChaela
micHaela
michAela
michaEla
michaeLa
michaelA
miška
Miška
mIška
miŠka
mišKa
miškA
miska
Miska
mIska
miSka
misKa
miskA
michal
Michal
mIchal
miChal
micHal
michAl
michaL
miško
Miško
mIško
miŠko
mišKo
miškO
misko
Misko
mIsko
miSko
misKo
miskO
mikuláš
Mikuláš
mIkuláš
miKuláš
mikUláš
mikuLáš
mikulÁš
mikuláŠ
mikulas
Mikulas
mIkulas
miKulas
mikUlas
mikuLas
mikulAs
mikulaS
miki
Miki
mIki
miKi
mikI
milada
Milada
mIlada
miLada
milAda
milaDa
miladA
miladka
Miladka
mIladka
miLadka
milAdka
milaDka
miladKa
miladkA
milan
Milan
mIlan
miLan
milAn
milaN
milanko
Milanko
mIlanko
miLanko
milAnko
milaNko
milanKo
milankO
milena
Milena
mIlena
miLena
milEna
mileNa
milenA
milenka
Milenka
mIlenka
miLenka
milEnka
mileNka
milenKa
milenkA
milica
Milica
mIlica
miLica
milIca
miliCa
milicA
micka
Micka
mIcka
miCka
micKa
mickA
miloslav
Miloslav
mIloslav
miLoslav
milOslav
miloSlav
milosLav
miloslAv
miloslaV
miloslava
Miloslava
mIloslava
miLoslava
milOslava
miloSlava
milosLava
miloslAva
miloslaVa
miloslavA
miloš
Miloš
mIloš
miLoš
milOš
miloŠ
milos
Milos
mIlos
miLos
milOs
miloS
milota
Milota
mIlota
miLota
milOta
miloTa
milotA
miriama
Miriama
mIriama
miRiama
mirIama
miriAma
miriaMa
miriamA
mirka
Mirka
mIrka
miRka
mirKa
mirkA
mira
Mira
mIra
miRa
mirA
miroslav
Miroslav
mIroslav
miRoslav
mirOslav
miroSlav
mirosLav
miroslAv
miroslaV
miro
Miro
mIro
miRo
mirO
miroslava
Miroslava
mIroslava
miRoslava
mirOslava
miroSlava
mirosLava
miroslAva
miroslaVa
miroslavA
mojmír
Mojmír
mOjmír
moJmír
mojMír
mojmÍr
mojmíR
mojmir
Mojmir
mOjmir
moJmir
mojMir
mojmIr
mojmiR
monika
Monika
mOnika
moNika
monIka
moniKa
monikA
monička
Monička
mOnička
moNička
monIčka
moniČka
moničKa
moničkA
monicka
Monicka
mOnicka
moNicka
monIcka
moniCka
monicKa
monickA
móric
Móric
mÓric
móRic
mórIc
móriC
moric
Moric
mOric
moRic
morIc
moriC
móricko
Móricko
mÓricko
móRicko
mórIcko
móriCko
móricKo
mórickO
moricko
Moricko
mOricko
moRicko
morIcko
moriCko
moricKo
morickO
nadežda
Nadežda
nAdežda
naDežda
nadEžda
nadeŽda
nadežDa
nadeždA
nadezda
Nadezda
nAdezda
naDezda
nadEzda
nadeZda
nadezDa
nadezdA
nadežka
Nadežka
nAdežka
naDežka
nadEžka
nadeŽka
nadežKa
nadežkA
nadezka
Nadezka
nAdezka
naDezka
nadEzka
nadeZka
nadezKa
nadezkA
natália
Natália
nAtália
naTália
natÁlia
natáLia
natálIa
natáliA
natalia
Natalia
nAtalia
naTalia
natAlia
nataLia
natalIa
nataliA
natálka
Natálka
nAtálka
naTálka
natÁlka
natáLka
natálKa
natálkA
natalka
Natalka
nAtalka
naTalka
natAlka
nataLka
natalKa
natalkA
nataša
Nataša
nAtaša
naTaša
natAša
nataŠa
natašA
natasa
Natasa
nAtasa
naTasa
natAsa
nataSa
natasA
nataška
Nataška
nAtaška
naTaška
natAška
nataŠka
natašKa
nataškA
nataska
Nataska
nAtaska
naTaska
natAska
nataSka
natasKa
nataskA
nathan
Nathan
nAthan
naThan
natHan
nathAn
nathaN
nathaniel
Nathaniel
nAthaniel
naThaniel
natHaniel
nathAniel
nathaNiel
nathanIel
nathaniEl
nathanieL
nikola
Nikola
nIkola
niKola
nikOla
nikoLa
nikolA
nika
Nika
nIka
niKa
nikA
nikolka
Nikolka
nIkolka
niKolka
nikOlka
nikoLka
nikolKa
nikolkA
nikolaj
Nikolaj
nIkolaj
niKolaj
nikOlaj
nikoLaj
nikolAj
nikolaJ
nikoljko
Nikoljko
nIkoljko
niKoljko
nikOljko
nikoLjko
nikolJko
nikoljKo
nikoljkO
nina
Nina
nIna
niNa
ninA
ninka
Ninka
nInka
niNka
ninKa
ninkA
nora
Nora
nOra
noRa
norA
norka
Norka
nOrka
noRka
norKa
norkA
norbert
Norbert
nOrbert
noRbert
norBert
norbErt
norbeRt
norberT
noro
Noro
nOro
noRo
norO
odin
Odin
oDin
odIn
odiN
oldrich
Oldrich
oLdrich
olDrich
oldRich
oldrIch
oldriCh
oldricH
oľga
Oľga
oĽga
oľGa
oľgA
olga
Olga
oLga
olGa
olgA
oľguška
Oľguška
oĽguška
oľGuška
oľgUška
oľguŠka
oľgušKa
oľguškA
olguska
Olguska
oLguska
olGuska
olgUska
olguSka
olgusKa
olguskA
oliver
Oliver
oLiver
olIver
oliVer
olivEr
oliveR
oliverko
Oliverko
oLiverko
olIverko
oliVerko
olivErko
oliveRko
oliverKo
oliverkO
olívia
Olívia
oLívia
olÍvia
olíVia
olívIa
olíviA
olivia
Olivia
oLivia
olIvia
oliVia
olivIa
oliviA
oľa
Oľa
oĽa
oľA
ola
Ola
oLa
olA
olympia
Olympia
oLympia
olYmpia
olyMpia
olymPia
olympIa
olympiA
ondrej
Ondrej
oNdrej
onDrej
ondRej
ondrEj
ondreJ
ondrejko
Ondrejko
oNdrejko
onDrejko
ondRejko
ondrEjko
ondreJko
ondrejKo
ondrejkO
oskár
Oskár
oSkár
osKár
oskÁr
oskáR
oskar
Oskar
oSkar
osKar
oskAr
oskaR
oskar
Oskar
oSkar
osKar
oskAr
oskaR
otília
Otília
oTília
otÍlia
otíLia
otílIa
otíliA
otilia
Otilia
oTilia
otIlia
otiLia
otilIa
otiliA
oto
Oto
oTo
otO
oxana
Oxana
oXana
oxAna
oxaNa
oxanA
oxanka
Oxanka
oXanka
oxAnka
oxaNka
oxanKa
oxankA
urban
Urban
uRban
urBan
urbAn
urbaN
uršuľa
Uršuľa
uRšuľa
urŠuľa
uršUľa
uršuĽa
uršuľA
ursula
Ursula
uRsula
urSula
ursUla
ursuLa
ursulA
václav
Václav
vÁclav
váClav
vácLav
václAv
václaV
vaclav
Vaclav
vAclav
vaClav
vacLav
vaclAv
vaclaV
vašo
Vašo
vAšo
vaŠo
vašO
vaso
Vaso
vAso
vaSo
vasO
valentín
Valentín
vAlentín
vaLentín
valEntín
valeNtín
valenTín
valentÍn
valentíN
valentin
Valentin
vAlentin
vaLentin
valEntin
valeNtin
valenTin
valentIn
valentiN
valentína
Valentína
vAlentína
vaLentína
valEntína
valeNtína
valenTína
valentÍna
valentíNa
valentínA
valentina
Valentina
vAlentina
vaLentina
valEntina
valeNtina
valenTina
valentIna
valentiNa
valentinA
valér
Valér
vAlér
vaLér
valÉr
valéR
valer
Valer
vAler
vaLer
valEr
valeR
valéria
Valéria
vAléria
vaLéria
valÉria
valéRia
valérIa
valériA
valeria
Valeria
vAleria
vaLeria
valEria
valeRia
valerIa
valeriA
vanda
Vanda
vAnda
vaNda
vanDa
vandA
vanesa
Vanesa
vAnesa
vaNesa
vanEsa
vaneSa
vanesA
vaneska
Vaneska
vAneska
vaNeska
vanEska
vaneSka
vanesKa
vaneskA
vasil
Vasil
vAsil
vaSil
vasIl
vasiL
vasiľko
Vasiľko
vAsiľko
vaSiľko
vasIľko
vasiĽko
vasiľKo
vasiľkO
vasilko
Vasilko
vAsilko
vaSilko
vasIlko
vasiLko
vasilKo
vasilkO
vavrinec
Vavrinec
vAvrinec
vaVrinec
vavRinec
vavrInec
vavriNec
vavrinEc
vavrineC
vendelín
Vendelín
vEndelín
veNdelín
venDelín
vendElín
vendeLín
vendelÍn
vendelíN
vendelin
Vendelin
vEndelin
veNdelin
venDelin
vendElin
vendeLin
vendelIn
vendeliN
veronika
Veronika
vEronika
veRonika
verOnika
veroNika
veronIka
veroniKa
veronikA
veva
Veva
vEva
veVa
vevA
viera
Viera
vIera
viEra
vieRa
vierA
vierka
Vierka
vIerka
viErka
vieRka
vierKa
vierkA
vieroslava
Vieroslava
vIeroslava
viEroslava
vieRoslava
vierOslava
vieroSlava
vierosLava
vieroslAva
vieroslaVa
vieroslavA
viktor
Viktor
vIktor
viKtor
vikTor
viktOr
viktoR
viktorko
Viktorko
vIktorko
viKtorko
vikTorko
viktOrko
viktoRko
viktorKo
viktorkO
viktória
Viktória
vIktória
viKtória
vikTória
viktÓria
viktóRia
viktórIa
viktóriA
viktoria
Viktoria
vIktoria
viKtoria
vikToria
viktOria
viktoRia
viktorIa
viktoriA
viki
Viki
vIki
viKi
vikI
viliam
Viliam
vIliam
viLiam
vilIam
viliAm
viliaM
vilo
Vilo
vIlo
viLo
vilO
vilma
Vilma
vIlma
viLma
vilMa
vilmA
vincent
Vincent
vIncent
viNcent
vinCent
vincEnt
vinceNt
vincenT
viola
Viola
vIola
viOla
vioLa
violA
vít
Vít
vÍt
víT
vit
Vit
vIt
viT
víťazoslav
Víťazoslav
vÍťazoslav
víŤazoslav
víťAzoslav
víťaZoslav
víťazOslav
víťazoSlav
víťazosLav
víťazoslAv
víťazoslaV
vitazoslav
Vitazoslav
vItazoslav
viTazoslav
vitAzoslav
vitaZoslav
vitazOslav
vitazoSlav
vitazosLav
vitazoslAv
vitazoslaV
vlado
Vlado
vLado
vlAdo
vlaDo
vladO
vladimír
Vladimír
vLadimír
vlAdimír
vlaDimír
vladImír
vladiMír
vladimÍr
vladimíR
vladimir
Vladimir
vLadimir
vlAdimir
vlaDimir
vladImir
vladiMir
vladimIr
vladimiR
vladko
Vladko
vLadko
vlAdko
vlaDko
vladKo
vladkO
vladimíra
Vladimíra
vLadimíra
vlAdimíra
vlaDimíra
vladImíra
vladiMíra
vladimÍra
vladimíRa
vladimírA
vladimira
Vladimira
vLadimira
vlAdimira
vlaDimira
vladImira
vladiMira
vladimIra
vladimiRa
vladimirA
vladislav
Vladislav
vLadislav
vlAdislav
vlaDislav
vladIslav
vladiSlav
vladisLav
vladislAv
vladislaV
vlasta
Vlasta
vLasta
vlAsta
vlaSta
vlasTa
vlastA
vlastička
Vlastička
vLastička
vlAstička
vlaStička
vlasTička
vlastIčka
vlastiČka
vlastičKa
vlastičkA
vlasticka
Vlasticka
vLasticka
vlAsticka
vlaSticka
vlasTicka
vlastIcka
vlastiCka
vlasticKa
vlastickA
vlastimil
Vlastimil
vLastimil
vlAstimil
vlaStimil
vlasTimil
vlastImil
vlastiMil
vlastimIl
vlastimiL
vojtech
Vojtech
vOjtech
voJtech
vojTech
vojtEch
vojteCh
vojtecH
vojto
Vojto
vOjto
voJto
vojTo
vojtO
vratislav
Vratislav
vRatislav
vrAtislav
vraTislav
vratIslav
vratiSlav
vratisLav
vratislAv
vratislaV
vratko
Vratko
vRatko
vrAtko
vraTko
vratKo
vratkO
xénia
Xénia
xÉnia
xéNia
xénIa
xéniA
xenia
Xenia
xEnia
xeNia
xenIa
xeniA
zdena
Zdena
zDena
zdEna
zdeNa
zdenA
zdenka
Zdenka
zDenka
zdEnka
zdeNka
zdenKa
zdenkA
zdenko
Zdenko
zDenko
zdEnko
zdeNko
zdenKo
zdenkO
zina
Zina
zIna
ziNa
zinA
zita
Zita
zIta
ziTa
zitA
zitka
Zitka
zItka
ziTka
zitKa
zitkA
zlatica
Zlatica
zLatica
zlAtica
zlaTica
zlatIca
zlatiCa
zlaticA
zlatko
Zlatko
zLatko
zlAtko
zlaTko
zlatKo
zlatkO
zoja
Zoja
zOja
zoJa
zojA
zoltán
Zoltán
zOltán
zoLtán
zolTán
zoltÁn
zoltáN
zoltan
Zoltan
zOltan
zoLtan
zolTan
zoltAn
zoltaN
zora
Zora
zOra
zoRa
zorA
zorka
Zorka
zOrka
zoRka
zorKa
zorkA
zuzana
Zuzana
zUzana
zuZana
zuzAna
zuzaNa
zuzanA
zuzka
Zuzka
zUzka
zuZka
zuzKa
zuzkA
žaneta
Žaneta
žAneta
žaNeta
žanEta
žaneTa
žanetA
zaneta
Zaneta
zAneta
zaNeta
zanEta
zaneTa
zanetA
žanetka
Žanetka
žAnetka
žaNetka
žanEtka
žaneTka
žanetKa
žanetkA
zanetka
Zanetka
zAnetka
zaNetka
zanEtka
zaneTka
zanetKa
zanetkA
želmíra
Želmíra
žElmíra
žeLmíra
želMíra
želmÍra
želmíRa
želmírA
zelmira
Zelmira
zElmira
zeLmira
zelMira
zelmIra
zelmiRa
zelmirA
žigmund
Žigmund
žIgmund
žiGmund
žigMund
žigmUnd
žigmuNd
žigmunD
zigmund
Zigmund
zIgmund
ziGmund
zigMund
zigmUnd
zigmuNd
zigmunD
žofia
Žofia
žOfia
žoFia
žofIa
žofiA
zofia
Zofia
zOfia
zoFia
zofIa
zofiA
pankrác
Pankrác
pAnkrác
paNkrác
panKrác
pankRác
pankrÁc
pankráC
pankrac
Pankrac
pAnkrac
paNkrac
panKrac
pankRac
pankrAc
pankraC
patrícia
Patrícia
pAtrícia
paTrícia
patRícia
patrÍcia
patríCia
patrícIa
patríciA
patricia
Patricia
pAtricia
paTricia
patRicia
patrIcia
patriCia
patricIa
patriciA
paťka
Paťka
pAťka
paŤka
paťKa
paťkA
patka
Patka
pAtka
paTka
patKa
patkA
patrik
Patrik
pAtrik
paTrik
patRik
patrIk
patriK
paťo
Paťo
pAťo
paŤo
paťO
pato
Pato
pAto
paTo
patO
paulína
Paulína
pAulína
paUlína
pauLína
paulÍna
paulíNa
paulínA
paulina
Paulina
pAulina
paUlina
pauLina
paulIna
pauliNa
paulinA
paula
Paula
pAula
paUla
pauLa
paulA
pavol
Pavol
pAvol
paVol
pavOl
pavoL
pavolko
Pavolko
pAvolko
paVolko
pavOlko
pavoLko
pavolKo
pavolkO
perla
Perla
pErla
peRla
perLa
perlA
perlička
Perlička
pErlička
peRlička
perLička
perlIčka
perliČka
perličKa
perličkA
perlicka
Perlicka
pErlicka
peRlicka
perLicka
perlIcka
perliCka
perlicKa
perlickA
peter
Peter
pEter
peTer
petEr
peteR
peťo
Peťo
pEťo
peŤo
peťO
peto
Peto
pEto
peTo
petO
peťko
Peťko
pEťko
peŤko
peťKo
peťkO
petko
Petko
pEtko
peTko
petKo
petkO
petra
Petra
pEtra
peTra
petRa
petrA
peťa
Peťa
pEťa
peŤa
peťA
peta
Peta
pEta
peTa
petA
petrička
Petrička
pEtrička
peTrička
petRička
petrIčka
petriČka
petričKa
petričkA
petricka
Petricka
pEtricka
peTricka
petRicka
petrIcka
petriCka
petricKa
petrickA
petruška
Petruška
pEtruška
peTruška
petRuška
petrUška
petruŠka
petrušKa
petruškA
petruska
Petruska
pEtruska
peTruska
petRuska
petrUska
petruSka
petrusKa
petruskA
petrana
Petrana
pEtrana
peTrana
petRana
petrAna
petraNa
petranA
petronela
Petronela
pEtronela
peTronela
petRonela
petrOnela
petroNela
petronEla
petroneLa
petronelA
pravoslav
Pravoslav
pRavoslav
prAvoslav
praVoslav
pravOslav
pravoSlav
pravosLav
pravoslAv
pravoslaV
prokop
Prokop
pRokop
prOkop
proKop
prokOp
prokoP
radomír
Radomír
rAdomír
raDomír
radOmír
radoMír
radomÍr
radomíR
radomir
Radomir
rAdomir
raDomir
radOmir
radoMir
radomIr
radomiR
radko
Radko
rAdko
raDko
radKo
radkO
rado
Rado
rAdo
raDo
radO
radoslav
Radoslav
rAdoslav
raDoslav
radOslav
radoSlav
radosLav
radoslAv
radoslaV
radoslava
Radoslava
rAdoslava
raDoslava
radOslava
radoSlava
radosLava
radoslAva
radoslaVa
radoslavA
radovan
Radovan
rAdovan
raDovan
radOvan
radoVan
radovAn
radovaN
radovana
Radovana
rAdovana
raDovana
radOvana
radoVana
radovAna
radovaNa
radovanA
radúz
Radúz
rAdúz
raDúz
radÚz
radúZ
raduz
Raduz
rAduz
raDuz
radUz
raduZ
rastislav
Rastislav
rAstislav
raStislav
rasTislav
rastIslav
rastiSlav
rastisLav
rastislAv
rastislaV
rasťo
Rasťo
rAsťo
raSťo
rasŤo
rasťO
rasto
Rasto
rAsto
raSto
rasTo
rastO
rebeka
Rebeka
rEbeka
reBeka
rebEka
rebeKa
rebekA
rebečka
Rebečka
rEbečka
reBečka
rebEčka
rebeČka
rebečKa
rebečkA
rebecka
Rebecka
rEbecka
reBecka
rebEcka
rebeCka
rebecKa
rebeckA
regína
Regína
rEgína
reGína
regÍna
regíNa
regínA
regina
Regina
rEgina
reGina
regIna
regiNa
reginA
renáta
Renáta
rEnáta
reNáta
renÁta
renáTa
renátA
renata
Renata
rEnata
reNata
renAta
renaTa
renatA
renátka
Renátka
rEnátka
reNátka
renÁtka
renáTka
renátKa
renátkA
renatka
Renatka
rEnatka
reNatka
renAtka
renaTka
renatKa
renatkA
rené
René
rEné
reNé
renÉ
rene
Rene
rEne
reNe
renE
richard
Richard
rIchard
riChard
ricHard
richArd
richaRd
richarD
riško
Riško
rIško
riŠko
rišKo
riškO
risko
Risko
rIsko
riSko
risKo
riskO
róbert
Róbert
rÓbert
róBert
róbErt
róbeRt
róberT
robert
Robert
rObert
roBert
robErt
robeRt
roberT
róbertko
Róbertko
rÓbertko
róBertko
róbErtko
róbeRtko
róberTko
róbertKo
róbertkO
robertko
Robertko
rObertko
roBertko
robErtko
robeRtko
roberTko
robertKo
robertkO
roland
Roland
rOland
roLand
rolAnd
rolaNd
rolanD
rolo
Rolo
rOlo
roLo
rolO
roman
Roman
rOman
roMan
romAn
romaN
romanko
Romanko
rOmanko
roManko
romAnko
romaNko
romanKo
romankO
romana
Romana
rOmana
roMana
romAna
romaNa
romanA
romanka
Romanka
rOmanka
roManka
romAnka
romaNka
romanKa
romankA
rozália
Rozália
rOzália
roZália
rozÁlia
rozáLia
rozálIa
rozáliA
rozalia
Rozalia
rOzalia
roZalia
rozAlia
rozaLia
rozalIa
rozaliA
rožka
Rožka
rOžka
roŽka
rožKa
rožkA
rozka
Rozka
rOzka
roZka
rozKa
rozkA
rudolf
Rudolf
rUdolf
ruDolf
rudOlf
rudoLf
rudolF
rudko
Rudko
rUdko
ruDko
rudKo
rudkO
ružena
Ružena
rUžena
ruŽena
ružEna
ružeNa
ruženA
ruzena
Ruzena
rUzena
ruZena
ruzEna
ruzeNa
ruzenA
ruženka
Ruženka
rUženka
ruŽenka
ružEnka
ružeNka
ruženKa
ruženkA
ruzenka
Ruzenka
rUzenka
ruZenka
ruzEnka
ruzeNka
ruzenKa
ruzenkA
sabína
Sabína
sAbína
saBína
sabÍna
sabíNa
sabínA
sabina
Sabina
sAbina
saBina
sabIna
sabiNa
sabinA
sabinka
Sabinka
sAbinka
saBinka
sabInka
sabiNka
sabinKa
sabinkA
samuel
Samuel
sAmuel
saMuel
samUel
samuEl
samueL
samko
Samko
sAmko
saMko
samKo
samkO
sandra
Sandra
sAndra
saNdra
sanDra
sandRa
sandrA
sára
Sára
sÁra
sáRa
sárA
sara
Sara
sAra
saRa
sarA
sárka
Sárka
sÁrka
sáRka
sárKa
sárkA
sarka
Sarka
sArka
saRka
sarKa
sarkA
sebastián
Sebastián
sEbastián
seBastián
sebAstián
sebaStián
sebasTián
sebastIán
sebastiÁn
sebastiáN
sebastian
Sebastian
sEbastian
seBastian
sebAstian
sebaStian
sebasTian
sebastIan
sebastiAn
sebastiaN
sebko
Sebko
sEbko
seBko
sebKo
sebkO
sergej
Sergej
sErgej
seRgej
serGej
sergEj
sergeJ
servác
Servác
sErvác
seRvác
serVác
servÁc
serváC
servac
Servac
sErvac
seRvac
serVac
servAc
servaC
seth
Seth
sEth
seTh
setH
severín
Severín
sEverín
seVerín
sevErín
seveRín
severÍn
severíN
severin
Severin
sEverin
seVerin
sevErin
seveRin
severIn
severiN
sidónia
Sidónia
sIdónia
siDónia
sidÓnia
sidóNia
sidónIa
sidóniA
sidonia
Sidonia
sIdonia
siDonia
sidOnia
sidoNia
sidonIa
sidoniA
silvester
Silvester
sIlvester
siLvester
silVester
silvEster
silveSter
silvesTer
silvestEr
silvesteR
silvo
Silvo
sIlvo
siLvo
silVo
silvO
silvia
Silvia
sIlvia
siLvia
silVia
silvIa
silviA
silvinka
Silvinka
sIlvinka
siLvinka
silVinka
silvInka
silviNka
silvinKa
silvinkA
simona
Simona
sImona
siMona
simOna
simoNa
simonA
simonka
Simonka
sImonka
siMonka
simOnka
simoNka
simonKa
simonkA
sláva
Sláva
sLáva
slÁva
sláVa
slávA
slava
Slava
sLava
slAva
slaVa
slavA
slávka
Slávka
sLávka
slÁvka
sláVka
slávKa
slávkA
slavka
Slavka
sLavka
slAvka
slaVka
slavKa
slavkA
slavomír
Slavomír
sLavomír
slAvomír
slaVomír
slavOmír
slavoMír
slavomÍr
slavomíR
slavomir
Slavomir
sLavomir
slAvomir
slaVomir
slavOmir
slavoMir
slavomIr
slavomiR
slavomíra
Slavomíra
sLavomíra
slAvomíra
slaVomíra
slavOmíra
slavoMíra
slavomÍra
slavomíRa
slavomírA
slavomira
Slavomira
sLavomira
slAvomira
slaVomira
slavOmira
slavoMira
slavomIra
slavomiRa
slavomirA
slavo
Slavo
sLavo
slAvo
slaVo
slavO
sofia
Sofia
sOfia
soFia
sofIa
sofiA
sofinka
Sofinka
sOfinka
soFinka
sofInka
sofiNka
sofinKa
sofinkA
soňa
Soňa
sOňa
soŇa
soňA
sona
Sona
sOna
soNa
sonA
soňička
Soňička
sOňička
soŇička
soňIčka
soňiČka
soňičKa
soňičkA
sonicka
Sonicka
sOnicka
soNicka
sonIcka
soniCka
sonicKa
sonickA
stanislav
Stanislav
sTanislav
stAnislav
staNislav
stanIslav
staniSlav
stanisLav
stanislAv
stanislaV
stanko
Stanko
sTanko
stAnko
staNko
stanKo
stankO
stanislava
Stanislava
sTanislava
stAnislava
staNislava
stanIslava
staniSlava
stanisLava
stanislAva
stanislaVa
stanislavA
stela
Stela
sTela
stEla
steLa
stelA
stelka
Stelka
sTelka
stElka
steLka
stelKa
stelkA
svätopluk
Svätopluk
sVätopluk
svÄtopluk
sväTopluk
svätOpluk
svätoPluk
svätopLuk
svätoplUk
svätopluK
svatopluk
Svatopluk
sVatopluk
svAtopluk
svaTopluk
svatOpluk
svatoPluk
svatopLuk
svatoplUk
svatopluK
svetlana
Svetlana
sVetlana
svEtlana
sveTlana
svetLana
svetlAna
svetlaNa
svetlanA
svetlanka
Svetlanka
sVetlanka
svEtlanka
sveTlanka
svetLanka
svetlAnka
svetlaNka
svetlanKa
svetlankA
svetozár
Svetozár
sVetozár
svEtozár
sveTozár
svetOzár
svetoZár
svetozÁr
svetozáR
svetozar
Svetozar
sVetozar
svEtozar
sveTozar
svetOzar
svetoZar
svetozAr
svetozaR
sveťo
Sveťo
sVeťo
svEťo
sveŤo
sveťO
sveto
Sveto
sVeto
svEto
sveTo
svetO
šarlota
Šarlota
šArlota
šaRlota
šarLota
šarlOta
šarloTa
šarlotA
sarlota
Sarlota
sArlota
saRlota
sarLota
sarlOta
sarloTa
sarlotA
šarlotka
Šarlotka
šArlotka
šaRlotka
šarLotka
šarlOtka
šarloTka
šarlotKa
šarlotkA
sarlotka
Sarlotka
sArlotka
saRlotka
sarLotka
sarlOtka
sarloTka
sarlotKa
sarlotkA
šimon
Šimon
šImon
šiMon
šimOn
šimoN
simon
Simon
sImon
siMon
simOn
simoN
šimonko
Šimonko
šImonko
šiMonko
šimOnko
šimoNko
šimonKo
šimonkO
simonko
Simonko
sImonko
siMonko
simOnko
simoNko
simonKo
simonkO
štefan
Štefan
šTefan
štEfan
šteFan
štefAn
štefaN
stefan
Stefan
sTefan
stEfan
steFan
stefAn
stefaN
števko
Števko
šTevko
štEvko
šteVko
števKo
števkO
stevko
Stevko
sTevko
stEvko
steVko
stevKo
stevkO
števo
Števo
šTevo
štEvo
šteVo
števO
stevo
Stevo
sTevo
stEvo
steVo
stevO
štefánia
Štefánia
šTefánia
štEfánia
šteFánia
štefÁnia
štefáNia
štefánIa
štefániA
stefania
Stefania
sTefania
stEfania
steFania
stefAnia
stefaNia
stefanIa
stefaniA
števka
Števka
šTevka
štEvka
šteVka
števKa
števkA
stevka
Stevka
sTevka
stEvka
steVka
stevKa
stevkA
tadeáš
Tadeáš
tAdeáš
taDeáš
tadEáš
tadeÁš
tadeáŠ
tadeas
Tadeas
tAdeas
taDeas
tadEas
tadeAs
tadeaS
tatiana
Tatiana
tAtiana
taTiana
tatIana
tatiAna
tatiaNa
tatianA
tatianka
Tatianka
tAtianka
taTianka
tatIanka
tatiAnka
tatiaNka
tatianKa
tatiankA
teodor
Teodor
tEodor
teOdor
teoDor
teodOr
teodoR
teodorko
Teodorko
tEodorko
teOdorko
teoDorko
teodOrko
teodoRko
teodorKo
teodorkO
terézia
Terézia
tErézia
teRézia
terÉzia
teréZia
terézIa
teréziA
terezia
Terezia
tErezia
teRezia
terEzia
tereZia
terezIa
tereziA
terazka
Terazka
tErazka
teRazka
terAzka
teraZka
terazKa
terazkA
theodora
Theodora
tHeodora
thEodora
theOdora
theoDora
theodOra
theodoRa
theodorA
tibor
Tibor
tIbor
tiBor
tibOr
tiboR
tiborko
Tiborko
tIborko
tiBorko
tibOrko
tiboRko
tiborKo
tiborkO
tiffany
Tiffany
tIffany
tiFfany
tifFany
tiffAny
tiffaNy
tiffanY
tichomír
Tichomír
tIchomír
tiChomír
ticHomír
tichOmír
tichoMír
tichomÍr
tichomíR
tichomir
Tichomir
tIchomir
tiChomir
ticHomir
tichOmir
tichoMir
tichomIr
tichomiR
timea
Timea
tImea
tiMea
timEa
timeA
tea
Tea
tEa
teA
timotej
Timotej
tImotej
tiMotej
timOtej
timoTej
timotEj
timoteJ
tobiáš
Tobiáš
tObiáš
toBiáš
tobIáš
tobiÁš
tobiáŠ
tobias
Tobias
tObias
toBias
tobIas
tobiAs
tobiaS
tobi
Tobi
tObi
toBi
tobI
tomáš
Tomáš
tOmáš
toMáš
tomÁš
tomáŠ
tomas
Tomas
tOmas
toMas
tomAs
tomaS
tomáško
Tomáško
tOmáško
toMáško
tomÁško
tomáŠko
tomášKo
tomáškO
tomasko
Tomasko
tOmasko
toMasko
tomAsko
tomaSko
tomasKo
tomaskO
