adalbert
Adalbert
aDalbert
adAlbert
adaLbert
adalBert
adalbErt
adalbeRt
adalberT
adam
Adam
aDam
adAm
adaM
adamko
Adamko
aDamko
adAmko
adaMko
adamKo
adamkO
adela
Adela
aDela
adEla
adeLa
adelA
adelka
Adelka
aDelka
adElka
adeLka
adelKa
adelkA
adolf
Adolf
aDolf
adOlf
adoLf
adolF
adri·n
Adri·n
aDri·n
adRi·n
adrI·n
adri¡n
adri·N
adrian
Adrian
aDrian
adRian
adrIan
adriAn
adriaN
adri·na
Adri·na
aDri·na
adRi·na
adrI·na
adri¡na
adri·Na
adri·nA
adriana
Adriana
aDriana
adRiana
adrIana
adriAna
adriaNa
adrianA
adriano
Adriano
aDriano
adRiano
adrIano
adriAno
adriaNo
adrianO
ag·ta
Ag·ta
aG·ta
ag¡ta
ag·Ta
ag·tA
agata
Agata
aGata
agAta
agaTa
agatA
ag·tka
Ag·tka
aG·tka
ag¡tka
ag·Tka
ag·tKa
ag·tkA
agatka
Agatka
aGatka
agAtka
agaTka
agatKa
agatkA
agnesa
Agnesa
aGnesa
agNesa
agnEsa
agneSa
agnesA
alan
Alan
aLan
alAn
alaN
alana
Alana
aLana
alAna
alaNa
alanA
albert
Albert
aLbert
alBert
albErt
albeRt
alberT
albÌn
AlbÌn
aLbÌn
alBÌn
albÕn
albÌN
albin
Albin
aLbin
alBin
albIn
albiN
albÌna
AlbÌna
aLbÌna
alBÌna
albÕna
albÌNa
albÌnA
albina
Albina
aLbina
alBina
albIna
albiNa
albinA
alena
Alena
aLena
alEna
aleNa
alenA
alenka
Alenka
aLenka
alEnka
aleNka
alenKa
alenkA
aleö
Aleö
aLeö
alEö
aleä
ales
Ales
aLes
alEs
aleS
aleöko
Aleöko
aLeöko
alEöko
aleäko
aleöKo
aleökO
alesko
Alesko
aLesko
alEsko
aleSko
alesKo
aleskO
alex
Alex
aLex
alEx
aleX
alxko
Alxko
aLxko
alXko
alxKo
alxkO
alexander
Alexander
aLexander
alExander
aleXander
alexAnder
alexaNder
alexanDer
alexandEr
alexandeR
alexandra
Alexandra
aLexandra
alExandra
aleXandra
alexAndra
alexaNdra
alexanDra
alexandRa
alexandrA
alexej
Alexej
aLexej
alExej
aleXej
alexEj
alexeJ
alexia
Alexia
aLexia
alExia
aleXia
alexIa
alexiA
alfonz
Alfonz
aLfonz
alFonz
alfOnz
alfoNz
alfonZ
alfrÈd
AlfrÈd
aLfrÈd
alFrÈd
alfRÈd
alfr…d
alfrÈD
alfred
Alfred
aLfred
alFred
alfRed
alfrEd
alfreD
alica
Alica
aLica
alIca
aliCa
alicA
alicka
Alicka
aLicka
alIcka
aliCka
alicKa
alickA
alojz
Alojz
aLojz
alOjz
aloJz
alojZ
alojzko
Alojzko
aLojzko
alOjzko
aloJzko
alojZko
alojzKo
alojzkO
lojzo
Lojzo
lOjzo
loJzo
lojZo
lojzO
alojzia
Alojzia
aLojzia
alOjzia
aloJzia
alojZia
alojzIa
alojziA
lojza
Lojza
lOjza
loJza
lojZa
lojzA
alûbeta
Alûbeta
aLûbeta
alébeta
alûBeta
alûbEta
alûbeTa
alûbetA
alzbeta
Alzbeta
aLzbeta
alZbeta
alzBeta
alzbEta
alzbeTa
alzbetA
alûbetka
Alûbetka
aLûbetka
alébetka
alûBetka
alûbEtka
alûbeTka
alûbetKa
alûbetkA
alzbetka
Alzbetka
aLzbetka
alZbetka
alzBetka
alzbEtka
alzbeTka
alzbetKa
alzbetkA
am·lia
Am·lia
aM·lia
am¡lia
am·Lia
am·lIa
am·liA
amalia
Amalia
aMalia
amAlia
amaLia
amalIa
amaliA
am·lka
Am·lka
aM·lka
am¡lka
am·Lka
am·lKa
am·lkA
amalka
Amalka
aMalka
amAlka
amaLka
amalKa
amalkA
ambrÛz
AmbrÛz
aMbrÛz
amBrÛz
ambRÛz
ambr”z
ambrÛZ
ambroz
Ambroz
aMbroz
amBroz
ambRoz
ambrOz
ambroZ
anabela
Anabela
aNabela
anAbela
anaBela
anabEla
anabeLa
anabelA
anabelka
Anabelka
aNabelka
anAbelka
anaBelka
anabElka
anabeLka
anabelKa
anabelkA
anast·zia
Anast·zia
aNast·zia
anAst·zia
anaSt·zia
anasT·zia
anast¡zia
anast·Zia
anast·zIa
anast·ziA
anastazia
Anastazia
aNastazia
anAstazia
anaStazia
anasTazia
anastAzia
anastaZia
anastazIa
anastaziA
andrea
Andrea
aNdrea
anDrea
andRea
andrEa
andreA
andrejka
Andrejka
aNdrejka
anDrejka
andRejka
andrEjka
andreJka
andrejKa
andrejkA
andrej
Andrej
aNdrej
anDrej
andRej
andrEj
andreJ
andrejko
Andrejko
aNdrejko
anDrejko
andRejko
andrEjko
andreJko
andrejKo
andrejkO
aneûka
Aneûka
aNeûka
anEûka
aneéka
aneûKa
aneûkA
anezka
Anezka
aNezka
anEzka
aneZka
anezKa
anezkA
angela
Angela
aNgela
anGela
angEla
angeLa
angelA
angelika
Angelika
aNgelika
anGelika
angElika
angeLika
angelIka
angeliKa
angelikA
anita
Anita
aNita
anIta
aniTa
anitA
anitka
Anitka
aNitka
anItka
aniTka
anitKa
anitkA
anna
Anna
aNna
anNa
annA
