adalbert
Adalbert
aDalbert
adAlbert
adaLbert
adalBert
adalbErt
adalbeRt
adalberT
adam
Adam
aDam
adAm
adaM
adela
Adela
aDela
adEla
adeLa
adelA
adolf
Adolf
aDolf
adOlf
adoLf
adolF
adrián
Adrián
aDrián
adRián
adrIán
adriÁn
adriáN
adrian
Adrian
aDrian
adRian
adrIan
adriAn
adriaN
adriána
Adriána
aDriána
adRiána
adrIána
adriÁna
adriáNa
adriánA
adriana
Adriana
aDriana
adRiana
adrIana
adriAna
adriaNa
adrianA
adriano
Adriano
aDriano
adRiano
adrIano
adriAno
adriaNo
adrianO
agáta
Agáta
aGáta
agÁta
agáTa
agátA
agata
Agata
aGata
agAta
agaTa
agatA
agnesa
Agnesa
aGnesa
agNesa
agnEsa
agneSa
agnesA
alan
Alan
aLan
alAn
alaN
alana
Alana
aLana
alAna
alaNa
alanA
albert
Albert
aLbert
alBert
albErt
albeRt
alberT
albín
Albín
aLbín
alBín
albÍn
albíN
albin
Albin
aLbin
alBin
albIn
albiN
albína
Albína
aLbína
alBína
albÍna
albíNa
albínA
albina
Albina
aLbina
alBina
albIna
albiNa
albinA
alena
Alena
aLena
alEna
aleNa
alenA
aleš
Aleš
aLeš
alEš
aleŠ
ales
Ales
aLes
alEs
aleS
alex
Alex
aLex
alEx
aleX
alexander
Alexander
aLexander
alExander
aleXander
alexAnder
alexaNder
alexanDer
alexandEr
alexandeR
alexandra
Alexandra
aLexandra
alExandra
aleXandra
alexAndra
alexaNdra
alexanDra
alexandRa
alexandrA
alexej
Alexej
aLexej
alExej
aleXej
alexEj
alexeJ
alexia
Alexia
aLexia
alExia
aleXia
alexIa
alexiA
alfonz
Alfonz
aLfonz
alFonz
alfOnz
alfoNz
alfonZ
alfréd
Alfréd
aLfréd
alFréd
alfRéd
alfrÉd
alfréD
alfred
Alfred
aLfred
alFred
alfRed
alfrEd
alfreD
alica
Alica
aLica
alIca
aliCa
alicA
alojz
Alojz
aLojz
alOjz
aloJz
alojZ
alojzia
Alojzia
aLojzia
alOjzia
aloJzia
alojZia
alojzIa
alojziA
alžbeta
Alžbeta
aLžbeta
alŽbeta
alžBeta
alžbEta
alžbeTa
alžbetA
alzbeta
Alzbeta
aLzbeta
alZbeta
alzBeta
alzbEta
alzbeTa
alzbetA
amália
Amália
aMália
amÁlia
amáLia
amálIa
amáliA
amalia
Amalia
aMalia
amAlia
amaLia
amalIa
amaliA
ambróz
Ambróz
aMbróz
amBróz
ambRóz
ambrÓz
ambróZ
ambroz
Ambroz
aMbroz
amBroz
ambRoz
ambrOz
ambroZ
anabela
Anabela
aNabela
anAbela
anaBela
anabEla
anabeLa
anabelA
anastázia
Anastázia
aNastázia
anAstázia
anaStázia
anasTázia
anastÁzia
anastáZia
anastázIa
anastáziA
anastazia
Anastazia
aNastazia
anAstazia
anaStazia
anasTazia
anastAzia
anastaZia
anastazIa
anastaziA
andrea
Andrea
aNdrea
anDrea
andRea
andrEa
andreA
andrej
Andrej
aNdrej
anDrej
andRej
andrEj
andreJ
anežka
Anežka
aNežka
anEžka
aneŽka
anežKa
anežkA
anezka
Anezka
aNezka
anEzka
aneZka
anezKa
anezkA
angela
Angela
aNgela
anGela
angEla
angeLa
angelA
angelika
Angelika
aNgelika
anGelika
angElika
angeLika
angelIka
angeliKa
angelikA
anita
Anita
aNita
anIta
aniTa
anitA
anna
Anna
aNna
anNa
annA
anton
Anton
aNton
anTon
antOn
antoN
antónia
Antónia
aNtónia
anTónia
antÓnia
antóNia
antónIa
antóniA
antonia
Antonia
aNtonia
anTonia
antOnia
antoNia
antonIa
antoniA
ariel
Ariel
aRiel
arIel
ariEl
arieL
arnold
Arnold
aRnold
arNold
arnOld
arnoLd
arnolD
áron
Áron
áRon
árOn
ároN
aron
Aron
aRon
arOn
aroN
arpád
Arpád
aRpád
arPád
arpÁd
arpáD
arpad
Arpad
aRpad
arPad
arpAd
arpaD
augustín
Augustín
aUgustín
auGustín
augUstín
auguStín
augusTín
augustÍn
augustíN
augustin
Augustin
aUgustin
auGustin
augUstin
auguStin
augusTin
augustIn
augustiN
aurel
Aurel
aUrel
auRel
aurEl
aureL
aurélia
Aurélia
aUrélia
auRélia
aurÉlia
auréLia
aurélIa
auréliA
aurelia
Aurelia
aUrelia
auRelia
aurElia
aureLia
aurelIa
aureliA
ayala
Ayala
aYala
ayAla
ayaLa
ayalA
barbara
Barbara
bArbara
baRbara
barBara
barbAra
barbaRa
barbarA
barbora
Barbora
bArbora
baRbora
barBora
barbOra
barboRa
barborA
barnabáš
Barnabáš
bArnabáš
baRnabáš
barNabáš
barnAbáš
barnaBáš
barnabÁš
barnabáŠ
barnabas
Barnabas
bArnabas
baRnabas
barNabas
barnAbas
barnaBas
barnabAs
barnabaS
bartolomej
Bartolomej
bArtolomej
baRtolomej
barTolomej
bartOlomej
bartoLomej
bartolOmej
bartoloMej
bartolomEj
bartolomeJ
beáta
Beáta
bEáta
beÁta
beáTa
beátA
beata
Beata
bEata
beAta
beaTa
beatA
belo
Belo
bElo
beLo
belO
beňadik
Beňadik
bEňadik
beŇadik
beňAdik
beňaDik
beňadIk
beňadiK
benadik
Benadik
bEnadik
beNadik
benAdik
benaDik
benadIk
benadiK
benedikt
Benedikt
bEnedikt
beNedikt
benEdikt
beneDikt
benedIkt
benediKt
benedikT
benjamín
Benjamín
bEnjamín
beNjamín
benJamín
benjAmín
benjaMín
benjamÍn
benjamíN
benjamin
Benjamin
bEnjamin
beNjamin
benJamin
benjAmin
benjaMin
benjamIn
benjamiN
bernard
Bernard
bErnard
beRnard
berNard
bernArd
bernaRd
bernarD
berta
Berta
bErta
beRta
berTa
bertA
bianka
Bianka
bIanka
biAnka
biaNka
bianKa
biankA
bibiána
Bibiána
bIbiána
biBiána
bibIána
bibiÁna
bibiáNa
bibiánA
bibiana
Bibiana
bIbiana
biBiana
bibIana
bibiAna
bibiaNa
bibianA
blahoslav
Blahoslav
bLahoslav
blAhoslav
blaHoslav
blahOslav
blahoSlav
blahosLav
blahoslAv
blahoslaV
blanka
Blanka
bLanka
blAnka
blaNka
blanKa
blankA
blažej
Blažej
bLažej
blAžej
blaŽej
blažEj
blažeJ
blazej
Blazej
bLazej
blAzej
blaZej
blazEj
blazeJ
blažena
Blažena
bLažena
blAžena
blaŽena
blažEna
blažeNa
blaženA
blazena
Blazena
bLazena
blAzena
blaZena
blazEna
blazeNa
blazenA
bohdan
Bohdan
bOhdan
boHdan
bohDan
bohdAn
bohdaN
bohdana
Bohdana
bOhdana
boHdana
bohDana
bohdAna
bohdaNa
bohdanA
bohumil
Bohumil
bOhumil
boHumil
bohUmil
bohuMil
bohumIl
bohumiL
bohumila
Bohumila
bOhumila
boHumila
bohUmila
bohuMila
bohumIla
bohumiLa
bohumilA
bohumír
Bohumír
bOhumír
boHumír
bohUmír
bohuMír
bohumÍr
bohumíR
bohumir
Bohumir
bOhumir
boHumir
bohUmir
bohuMir
bohumIr
bohumiR
bohuslav
Bohuslav
bOhuslav
boHuslav
bohUslav
bohuSlav
bohusLav
bohuslAv
bohuslaV
bohuslava
Bohuslava
bOhuslava
boHuslava
bohUslava
bohuSlava
bohusLava
bohuslAva
bohuslaVa
bohuslavA
bohuš
Bohuš
bOhuš
boHuš
bohUš
bohuŠ
bohus
Bohus
bOhus
boHus
bohUs
bohuS
boleslav
Boleslav
bOleslav
boLeslav
bolEslav
boleSlav
bolesLav
boleslAv
boleslaV
bonifác
Bonifác
bOnifác
boNifác
bonIfác
boniFác
bonifÁc
bonifáC
bonifac
Bonifac
bOnifac
boNifac
bonIfac
boniFac
bonifAc
bonifaC
boris
Boris
bOris
boRis
borIs
boriS
božena
Božena
bOžena
boŽena
božEna
božeNa
boženA
bozena
Bozena
bOzena
boZena
bozEna
bozeNa
bozenA
božidara
Božidara
bOžidara
boŽidara
božIdara
božiDara
božidAra
božidaRa
božidarA
bozidara
Bozidara
bOzidara
boZidara
bozIdara
boziDara
bozidAra
bozidaRa
bozidarA
branislav
Branislav
bRanislav
brAnislav
braNislav
branIslav
braniSlav
branisLav
branislAv
branislaV
branislava
Branislava
bRanislava
brAnislava
braNislava
branIslava
braniSlava
branisLava
branislAva
branislaVa
branislavA
brfxxccxxmnpcccclllmmnprxvclmnckssqlbb11116
Brfxxccxxmnpcccclllmmnprxvclmnckssqlbb11116
bRfxxccxxmnpcccclllmmnprxvclmnckssqlbb11116
brFxxccxxmnpcccclllmmnprxvclmnckssqlbb11116
brfXxccxxmnpcccclllmmnprxvclmnckssqlbb11116
brfxXccxxmnpcccclllmmnprxvclmnckssqlbb11116
brfxxCcxxmnpcccclllmmnprxvclmnckssqlbb11116
brfxxcCxxmnpcccclllmmnprxvclmnckssqlbb11116
brfxxccXxmnpcccclllmmnprxvclmnckssqlbb11116
brfxxccxXmnpcccclllmmnprxvclmnckssqlbb11116
brfxxccxxMnpcccclllmmnprxvclmnckssqlbb11116
brfxxccxxmNpcccclllmmnprxvclmnckssqlbb11116
brfxxccxxmnPcccclllmmnprxvclmnckssqlbb11116
brfxxccxxmnpCccclllmmnprxvclmnckssqlbb11116
brfxxccxxmnpcCcclllmmnprxvclmnckssqlbb11116
brfxxccxxmnpccCclllmmnprxvclmnckssqlbb11116
brfxxccxxmnpcccClllmmnprxvclmnckssqlbb11116
brfxxccxxmnpccccLllmmnprxvclmnckssqlbb11116
brfxxccxxmnpcccclLlmmnprxvclmnckssqlbb11116
brfxxccxxmnpccccllLmmnprxvclmnckssqlbb11116
brfxxccxxmnpcccclllMmnprxvclmnckssqlbb11116
brfxxccxxmnpcccclllmMnprxvclmnckssqlbb11116
brfxxccxxmnpcccclllmmNprxvclmnckssqlbb11116
brfxxccxxmnpcccclllmmnPrxvclmnckssqlbb11116
brfxxccxxmnpcccclllmmnpRxvclmnckssqlbb11116
brfxxccxxmnpcccclllmmnprXvclmnckssqlbb11116
brfxxccxxmnpcccclllmmnprxVclmnckssqlbb11116
brfxxccxxmnpcccclllmmnprxvClmnckssqlbb11116
brfxxccxxmnpcccclllmmnprxvcLmnckssqlbb11116
brfxxccxxmnpcccclllmmnprxvclMnckssqlbb11116
brfxxccxxmnpcccclllmmnprxvclmNckssqlbb11116
brfxxccxxmnpcccclllmmnprxvclmnCkssqlbb11116
brfxxccxxmnpcccclllmmnprxvclmncKssqlbb11116
brfxxccxxmnpcccclllmmnprxvclmnckSsqlbb11116
brfxxccxxmnpcccclllmmnprxvclmncksSqlbb11116
brfxxccxxmnpcccclllmmnprxvclmnckssQlbb11116
brfxxccxxmnpcccclllmmnprxvclmnckssqLbb11116
brfxxccxxmnpcccclllmmnprxvclmnckssqlBb11116
brfxxccxxmnpcccclllmmnprxvclmnckssqlbB11116
brfxxccxxmnpcccclllmmnprxvclmnckssqlbb11116
brfxxccxxmnpcccclllmmnprxvclmnckssqlbb11116
brfxxccxxmnpcccclllmmnprxvclmnckssqlbb11116
brfxxccxxmnpcccclllmmnprxvclmnckssqlbb11116
brfxxccxxmnpcccclllmmnprxvclmnckssqlbb11116
brigita
Brigita
bRigita
brIgita
briGita
brigIta
brigiTa
brigitA
bronislava
Bronislava
bRonislava
brOnislava
broNislava
bronIslava
broniSlava
bronisLava
bronislAva
bronislaVa
bronislavA
bruno
Bruno
bRuno
brUno
bruNo
brunO
bystrík
Bystrík
bYstrík
byStrík
bysTrík
bystRík
bystrÍk
bystríK
bystrik
Bystrik
bYstrik
byStrik
bysTrik
bystRik
bystrIk
bystriK
cecília
Cecília
cEcília
ceCília
cecÍlia
cecíLia
cecílIa
cecíliA
cecilia
Cecilia
cEcilia
ceCilia
cecIlia
ceciLia
cecilIa
ceciliA
ctibor
Ctibor
cTibor
ctIbor
ctiBor
ctibOr
ctiboR
cyprián
Cyprián
cYprián
cyPrián
cypRián
cyprIán
cypriÁn
cypriáN
cyprian
Cyprian
cYprian
cyPrian
cypRian
cyprIan
cypriAn
cypriaN
cyril
Cyril
cYril
cyRil
cyrIl
cyriL
dagmara
Dagmara
dAgmara
daGmara
dagMara
dagmAra
dagmaRa
dagmarA
dalibor
Dalibor
dAlibor
daLibor
dalIbor
daliBor
dalibOr
daliboR
dana
Dana
dAna
daNa
danA
danica
Danica
dAnica
daNica
danIca
daniCa
danicA
daniel
Daniel
dAniel
daNiel
danIel
daniEl
danieL
daniela
Daniela
dAniela
daNiela
danIela
daniEla
danieLa
danielA
darina
Darina
dArina
daRina
darIna
dariNa
darinA
dáša
Dáša
dÁša
dáŠa
dášA
dasa
Dasa
dAsa
daSa
dasA
dávid
Dávid
dÁvid
dáVid
dávId
dáviD
david
David
dAvid
daVid
davId
daviD
demeter
Demeter
dEmeter
deMeter
demEter
demeTer
demetEr
demeteR
denis
Denis
dEnis
deNis
denIs
deniS
denisa
Denisa
dEnisa
deNisa
denIsa
deniSa
denisA
dezider
Dezider
dEzider
deZider
dezIder
deziDer
dezidEr
dezideR
diana
Diana
dIana
diAna
diaNa
dianA
dionýz
Dionýz
dIonýz
diOnýz
dioNýz
dionÝz
dionýZ
dionyz
Dionyz
dIonyz
diOnyz
dioNyz
dionYz
dionyZ
dobromila
Dobromila
dObromila
doBromila
dobRomila
dobrOmila
dobroMila
dobromIla
dobromiLa
dobromilA
dobroslav
Dobroslav
dObroslav
doBroslav
dobRoslav
dobrOslav
dobroSlav
dobrosLav
dobroslAv
dobroslaV
dobroslava
Dobroslava
dObroslava
doBroslava
dobRoslava
dobrOslava
dobroSlava
dobrosLava
dobroslAva
dobroslaVa
dobroslavA
dominik
Dominik
dOminik
doMinik
domInik
domiNik
dominIk
dominiK
dominika
Dominika
dOminika
doMinika
domInika
domiNika
dominIka
dominiKa
dominikA
dorota
Dorota
dOrota
doRota
dorOta
doroTa
dorotA
drahomír
Drahomír
dRahomír
drAhomír
draHomír
drahOmír
drahoMír
drahomÍr
drahomíR
drahomir
Drahomir
dRahomir
drAhomir
draHomir
drahOmir
drahoMir
drahomIr
drahomiR
drahomíra
Drahomíra
dRahomíra
drAhomíra
draHomíra
drahOmíra
drahoMíra
drahomÍra
drahomíRa
drahomírA
drahomira
Drahomira
dRahomira
drAhomira
draHomira
drahOmira
drahoMira
drahomIra
drahomiRa
drahomirA
drahoslav
Drahoslav
dRahoslav
drAhoslav
draHoslav
drahOslav
drahoSlav
drahosLav
drahoslAv
drahoslaV
drahoslava
Drahoslava
dRahoslava
drAhoslava
draHoslava
drahOslava
drahoSlava
drahosLava
drahoslAva
drahoslaVa
drahoslavA
dušan
Dušan
dUšan
duŠan
dušAn
dušaN
dusan
Dusan
dUsan
duSan
dusAn
dusaN
dušana
Dušana
dUšana
duŠana
dušAna
dušaNa
dušanA
dusana
Dusana
dUsana
duSana
dusAna
dusaNa
dusanA
eder
Eder
eDer
edEr
edeR
edita
Edita
eDita
edIta
ediTa
editA
edmund
Edmund
eDmund
edMund
edmUnd
edmuNd
edmunD
eduard
Eduard
eDuard
edUard
eduArd
eduaRd
eduarD
ela
Ela
eLa
elA
elena
Elena
eLena
elEna
eleNa
elenA
eleonóra
Eleonóra
eLeonóra
elEonóra
eleOnóra
eleoNóra
eleonÓra
eleonóRa
eleonórA
eleonora
Eleonora
eLeonora
elEonora
eleOnora
eleoNora
eleonOra
eleonoRa
eleonorA
eliáš
Eliáš
eLiáš
elIáš
eliÁš
eliáŠ
elias
Elias
eLias
elIas
eliAs
eliaS
elisa
Elisa
eLisa
elIsa
eliSa
elisA
eliška
Eliška
eLiška
elIška
eliŠka
elišKa
eliškA
eliska
Eliska
eLiska
elIska
eliSka
elisKa
eliskA
elvíra
Elvíra
eLvíra
elVíra
elvÍra
elvíRa
elvírA
elvira
Elvira
eLvira
elVira
elvIra
elviRa
elvirA
ema
Ema
eMa
emA
emanuel
Emanuel
eManuel
emAnuel
emaNuel
emanUel
emanuEl
emanueL
emil
Emil
eMil
emIl
emiL
emília
Emília
eMília
emÍlia
emíLia
emílIa
emíliA
emilia
Emilia
eMilia
emIlia
emiLia
emilIa
emiliA
enna
Enna
eNna
enNa
ennA
erik
Erik
eRik
erIk
eriK
erika
Erika
eRika
erIka
eriKa
erikA
ernest
Ernest
eRnest
erNest
ernEst
erneSt
ernesT
ervín
Ervín
eRvín
erVín
ervÍn
ervíN
ervin
Ervin
eRvin
erVin
ervIn
erviN
ester
Ester
eSter
esTer
estEr
esteR
estera
Estera
eStera
esTera
estEra
esteRa
esterA
etela
Etela
eTela
etEla
eteLa
etelA
eugen
Eugen
eUgen
euGen
eugEn
eugeN
eugénia
Eugénia
eUgénia
euGénia
eugÉnia
eugéNia
eugénIa
eugéniA
eugenia
Eugenia
eUgenia
euGenia
eugEnia
eugeNia
eugenIa
eugeniA
eulália
Eulália
eUlália
euLália
eulÁlia
euláLia
eulálIa
euláliA
eulalia
Eulalia
eUlalia
euLalia
eulAlia
eulaLia
eulalIa
eulaliA
eunika
Eunika
eUnika
euNika
eunIka
euniKa
eunikA
eva
Eva
eVa
evA
fedor
Fedor
fEdor
feDor
fedOr
fedoR
félix
Félix
fÉlix
féLix
félIx
féliX
felix
Felix
fElix
feLix
felIx
feliX
ferdinand
Ferdinand
fErdinand
feRdinand
ferDinand
ferdInand
ferdiNand
ferdinAnd
ferdinaNd
ferdinanD
filip
Filip
fIlip
fiLip
filIp
filiP
filoména
Filoména
fIloména
fiLoména
filOména
filoMéna
filomÉna
filoméNa
filoménA
filomena
Filomena
fIlomena
fiLomena
filOmena
filoMena
filomEna
filomeNa
filomenA
florián
Florián
fLorián
flOrián
floRián
florIán
floriÁn
floriáN
florian
Florian
fLorian
flOrian
floRian
florIan
floriAn
floriaN
františek
František
fRantišek
frAntišek
fraNtišek
franTišek
frantIšek
frantiŠek
františEk
františeK
frantisek
Frantisek
fRantisek
frAntisek
fraNtisek
franTisek
frantIsek
frantiSek
frantisEk
frantiseK
františka
Františka
fRantiška
frAntiška
fraNtiška
franTiška
frantIška
frantiŠka
františKa
františkA
frantiska
Frantiska
fRantiska
frAntiska
fraNtiska
franTiska
frantIska
frantiSka
frantisKa
frantiskA
frederik
Frederik
fRederik
frEderik
freDerik
fredErik
fredeRik
frederIk
frederiK
frederika
Frederika
fRederika
frEderika
freDerika
fredErika
fredeRika
frederIka
frederiKa
frederikA
fridrich
Fridrich
fRidrich
frIdrich
friDrich
fridRich
fridrIch
fridriCh
fridricH
gabriel
Gabriel
gAbriel
gaBriel
gabRiel
gabrIel
gabriEl
gabrieL
gabriela
Gabriela
gAbriela
gaBriela
gabRiela
gabrIela
gabriEla
gabrieLa
gabrielA
galina
Galina
gAlina
gaLina
galIna
galiNa
galinA
gašpar
Gašpar
gAšpar
gaŠpar
gašPar
gašpAr
gašpaR
gaspar
Gaspar
gAspar
gaSpar
gasPar
gaspAr
gaspaR
gejza
Gejza
gEjza
geJza
gejZa
gejzA
gertrúda
Gertrúda
gErtrúda
geRtrúda
gerTrúda
gertRúda
gertrÚda
gertrúDa
gertrúdA
gertruda
Gertruda
gErtruda
geRtruda
gerTruda
gertRuda
gertrUda
gertruDa
gertrudA
gizela
Gizela
gIzela
giZela
gizEla
gizeLa
gizelA
gregor
Gregor
gRegor
grEgor
greGor
gregOr
gregoR
gustáv
Gustáv
gUstáv
guStáv
gusTáv
gustÁv
gustáV
gustav
Gustav
gUstav
guStav
gusTav
gustAv
gustaV
halina
Halina
hAlina
haLina
halIna
haliNa
halinA
hana
Hana
hAna
haNa
hanA
hedviga
Hedviga
hEdviga
heDviga
hedViga
hedvIga
hedviGa
hedvigA
helena
Helena
hElena
heLena
helEna
heleNa
helenA
henrieta
Henrieta
hEnrieta
heNrieta
henRieta
henrIeta
henriEta
henrieTa
henrietA
henrich
Henrich
hEnrich
heNrich
henRich
henrIch
henriCh
henricH
herbert
Herbert
hErbert
heRbert
herBert
herbErt
herbeRt
herberT
hermína
Hermína
hErmína
heRmína
herMína
hermÍna
hermíNa
hermínA
hermina
Hermina
hErmina
heRmina
herMina
hermIna
hermiNa
herminA
hilda
Hilda
hIlda
hiLda
hilDa
hildA
hortenzia
Hortenzia
hOrtenzia
hoRtenzia
horTenzia
hortEnzia
horteNzia
hortenZia
hortenzIa
hortenziA
hubert
Hubert
hUbert
huBert
hubErt
hubeRt
huberT
hugo
Hugo
hUgo
huGo
hugO
ida
Ida
iDa
idA
ignác
Ignác
iGnác
igNác
ignÁc
ignáC
ignac
Ignac
iGnac
igNac
ignAc
ignaC
igor
Igor
iGor
igOr
igoR
iľja
Iľja
iĽja
iľJa
iľjA
ilja
Ilja
iLja
ilJa
iljA
imrich
Imrich
iMrich
imRich
imrIch
imriCh
imricH
ingrida
Ingrida
iNgrida
inGrida
ingRida
ingrIda
ingriDa
ingridA
irena
Irena
iRena
irEna
ireNa
irenA
iris
Iris
iRis
irIs
iriS
irma
Irma
iRma
irMa
irmA
ivan
Ivan
iVan
ivAn
ivaN
ivana
Ivana
iVana
ivAna
ivaNa
ivanA
iveta
Iveta
iVeta
ivEta
iveTa
ivetA
ivica
Ivica
iVica
ivIca
iviCa
ivicA
ivona
Ivona
iVona
ivOna
ivoNa
ivonA
izabela
Izabela
iZabela
izAbela
izaBela
izabEla
izabeLa
izabelA
izidor
Izidor
iZidor
izIdor
iziDor
izidOr
izidoR
jakub
Jakub
jAkub
jaKub
jakUb
jakuB
ján
Ján
jÁn
jáN
jan
Jan
jAn
jaN
jana
Jana
jAna
jaNa
janA
jarmila
Jarmila
jArmila
jaRmila
jarMila
jarmIla
jarmiLa
jarmilA
jarolím
Jarolím
jArolím
jaRolím
jarOlím
jaroLím
jarolÍm
jarolíM
jarolim
Jarolim
jArolim
jaRolim
jarOlim
jaroLim
jarolIm
jaroliM
jaromír
Jaromír
jAromír
jaRomír
jarOmír
jaroMír
jaromÍr
jaromíR
jaromir
Jaromir
jAromir
jaRomir
jarOmir
jaroMir
jaromIr
jaromiR
jaromíra
Jaromíra
jAromíra
jaRomíra
jarOmíra
jaroMíra
jaromÍra
jaromíRa
jaromírA
jaromira
Jaromira
jAromira
jaRomira
jarOmira
jaroMira
jaromIra
jaromiRa
jaromirA
jaroslav
Jaroslav
jAroslav
jaRoslav
jarOslav
jaroSlav
jarosLav
jaroslAv
jaroslaV
jaroslava
Jaroslava
jAroslava
jaRoslava
jarOslava
jaroSlava
jarosLava
jaroslAva
jaroslaVa
jaroslavA
jela
Jela
jEla
jeLa
jelA
jerguš
Jerguš
jErguš
jeRguš
jerGuš
jergUš
jerguŠ
jergus
Jergus
jErgus
jeRgus
jerGus
jergUs
jerguS
jerry
Jerry
jErry
jeRry
jerRy
jerrY
jesika
Jesika
jEsika
jeSika
jesIka
jesiKa
jesikA
jolana
Jolana
jOlana
joLana
jolAna
jolaNa
jolanA
jonáš
Jonáš
jOnáš
joNáš
jonÁš
jonáŠ
jonas
Jonas
jOnas
joNas
jonAs
jonaS
jozef
Jozef
jOzef
joZef
jozEf
jozeF
jozefína
Jozefína
jOzefína
joZefína
jozEfína
jozeFína
jozefÍna
jozefíNa
jozefínA
jozefina
Jozefina
jOzefina
joZefina
jozEfina
jozeFina
jozefIna
jozefiNa
jozefinA
judita
Judita
jUdita
juDita
judIta
judiTa
juditA
júlia
Júlia
jÚlia
júLia
júlIa
júliA
julia
Julia
jUlia
juLia
julIa
juliA
juliana
Juliana
jUliana
juLiana
julIana
juliAna
juliaNa
julianA
július
Július
jÚlius
júLius
júlIus
júliUs
júliuS
julius
Julius
jUlius
juLius
julIus
juliUs
juliuS
juraj
Juraj
jUraj
juRaj
jurAj
juraJ
justína
Justína
jUstína
juStína
jusTína
justÍna
justíNa
justínA
justina
Justina
jUstina
juStina
jusTina
justIna
justiNa
justinA
kamil
Kamil
kAmil
kaMil
kamIl
kamiL
kamila
Kamila
kAmila
kaMila
kamIla
kamiLa
kamilA
karina
Karina
kArina
kaRina
karIna
kariNa
karinA
karol
Karol
kArol
kaRol
karOl
karoL
karolína
Karolína
kArolína
kaRolína
karOlína
karoLína
karolÍna
karolíNa
karolínA
karolina
Karolina
kArolina
kaRolina
karOlina
karoLina
karolIna
karoliNa
karolinA
katarína
Katarína
kAtarína
kaTarína
katArína
kataRína
katarÍna
kataríNa
katarínA
katarina
Katarina
kAtarina
kaTarina
katArina
kataRina
katarIna
katariNa
katarinA
kazimír
Kazimír
kAzimír
kaZimír
kazImír
kaziMír
kazimÍr
kazimíR
kazimir
Kazimir
kAzimir
kaZimir
kazImir
kaziMir
kazimIr
kazimiR
klára
Klára
kLára
klÁra
kláRa
klárA
klara
Klara
kLara
klAra
klaRa
klarA
klaudia
Klaudia
kLaudia
klAudia
klaUdia
klauDia
klaudIa
klaudiA
klement
Klement
kLement
klEment
kleMent
klemEnt
klemeNt
klemenT
kliment
Kliment
kLiment
klIment
kliMent
klimEnt
klimeNt
klimenT
koloman
Koloman
kOloman
koLoman
kolOman
koloMan
kolomAn
kolomaN
konštantín
Konštantín
kOnštantín
koNštantín
konŠtantín
konšTantín
konštAntín
konštaNtín
konštanTín
konštantÍn
konštantíN
konstantin
Konstantin
kOnstantin
koNstantin
konStantin
konsTantin
konstAntin
konstaNtin
konstanTin
konstantIn
konstantiN
kornel
Kornel
kOrnel
koRnel
korNel
kornEl
korneL
kornélia
Kornélia
kOrnélia
koRnélia
korNélia
kornÉlia
kornéLia
kornélIa
kornéliA
kornelia
Kornelia
kOrnelia
koRnelia
korNelia
kornElia
korneLia
kornelIa
korneliA
kovid
Kovid
kOvid
koVid
kovId
koviD
kristián
Kristián
kRistián
krIstián
kriStián
krisTián
kristIán
kristiÁn
kristiáN
kristian
Kristian
kRistian
krIstian
kriStian
krisTian
kristIan
kristiAn
kristiaN
kristína
Kristína
kRistína
krIstína
kriStína
krisTína
kristÍna
kristíNa
kristínA
kristina
Kristina
kRistina
krIstina
kriStina
krisTina
kristIna
kristiNa
kristinA
krištof
Krištof
kRištof
krIštof
kriŠtof
krišTof
krištOf
krištoF
kristof
Kristof
kRistof
krIstof
kriStof
krisTof
kristOf
kristoF
kvetoslav
Kvetoslav
kVetoslav
kvEtoslav
kveToslav
kvetOslav
kvetoSlav
kvetosLav
kvetoslAv
kvetoslaV
kvetoslava
Kvetoslava
kVetoslava
kvEtoslava
kveToslava
kvetOslava
kvetoSlava
kvetosLava
kvetoslAva
kvetoslaVa
kvetoslavA
ladislav
Ladislav
lAdislav
laDislav
ladIslav
ladiSlav
ladisLav
ladislAv
ladislaV
ladislava
Ladislava
lAdislava
laDislava
ladIslava
ladiSlava
ladisLava
ladislAva
ladislaVa
ladislavA
laura
Laura
lAura
laUra
lauRa
laurA
lea
Lea
lEa
leA
lenka
Lenka
lEnka
leNka
lenKa
lenkA
leonard
Leonard
lEonard
leOnard
leoNard
leonArd
leonaRd
leonarD
leopold
Leopold
lEopold
leOpold
leoPold
leopOld
leopoLd
leopolD
leopolda
Leopolda
lEopolda
leOpolda
leoPolda
leopOlda
leopoLda
leopolDa
leopoldA
lesana
Lesana
lEsana
leSana
lesAna
lesaNa
lesanA
lesia
Lesia
lEsia
leSia
lesIa
lesiA
levoslav
Levoslav
lEvoslav
leVoslav
levOslav
levoSlav
levosLav
levoslAv
levoslaV
liana
Liana
lIana
liAna
liaNa
lianA
libor
Libor
lIbor
liBor
libOr
liboR
libuša
Libuša
lIbuša
liBuša
libUša
libuŠa
libušA
libusa
Libusa
lIbusa
liBusa
libUsa
libuSa
libusA
linda
Linda
lInda
liNda
linDa
lindA
lívia
Lívia
lÍvia
líVia
lívIa
líviA
livia
Livia
lIvia
liVia
livIa
liviA
lolita
Lolita
lOlita
loLita
lolIta
loliTa
lolitA
ľubomír
Ľubomír
ľUbomír
ľuBomír
ľubOmír
ľuboMír
ľubomÍr
ľubomíR
lubomir
Lubomir
lUbomir
luBomir
lubOmir
luboMir
lubomIr
lubomiR
ľubomíra
Ľubomíra
ľUbomíra
ľuBomíra
ľubOmíra
ľuboMíra
ľubomÍra
ľubomíRa
ľubomírA
lubomira
Lubomira
lUbomira
luBomira
lubOmira
luboMira
lubomIra
lubomiRa
lubomirA
ľubor
Ľubor
ľUbor
ľuBor
ľubOr
ľuboR
lubor
Lubor
lUbor
luBor
lubOr
luboR
ľuboslav
Ľuboslav
ľUboslav
ľuBoslav
ľubOslav
ľuboSlav
ľubosLav
ľuboslAv
ľuboslaV
luboslav
Luboslav
lUboslav
luBoslav
lubOslav
luboSlav
lubosLav
luboslAv
luboslaV
ľuboslava
Ľuboslava
ľUboslava
ľuBoslava
ľubOslava
ľuboSlava
ľubosLava
ľuboslAva
ľuboslaVa
ľuboslavA
luboslava
Luboslava
lUboslava
luBoslava
lubOslava
luboSlava
lubosLava
luboslAva
luboslaVa
luboslavA
ľuboš
Ľuboš
ľUboš
ľuBoš
ľubOš
ľuboŠ
lubos
Lubos
lUbos
luBos
lubOs
luboS
lucia
Lucia
lUcia
luCia
lucIa
luciA
ľudmila
Ľudmila
ľUdmila
ľuDmila
ľudMila
ľudmIla
ľudmiLa
ľudmilA
ludmila
Ludmila
lUdmila
luDmila
ludMila
ludmIla
ludmiLa
ludmilA
ludolf
Ludolf
lUdolf
luDolf
ludOlf
ludoLf
ludolF
ľudomil
Ľudomil
ľUdomil
ľuDomil
ľudOmil
ľudoMil
ľudomIl
ľudomiL
ludomil
Ludomil
lUdomil
luDomil
ludOmil
ludoMil
ludomIl
ludomiL
ľudomila
Ľudomila
ľUdomila
ľuDomila
ľudOmila
ľudoMila
ľudomIla
ľudomiLa
ľudomilA
ludomila
Ludomila
lUdomila
luDomila
ludOmila
ludoMila
ludomIla
ludomiLa
ludomilA
ľudovít
Ľudovít
ľUdovít
ľuDovít
ľudOvít
ľudoVít
ľudovÍt
ľudovíT
ludovit
Ludovit
lUdovit
luDovit
ludOvit
ludoVit
ludovIt
ludoviT
lujza
Lujza
lUjza
luJza
lujZa
lujzA
lukáš
Lukáš
lUkáš
luKáš
lukÁš
lukáŠ
lukas
Lukas
lUkas
luKas
lukAs
lukaS
luna
Luna
lUna
luNa
lunA
lýdia
Lýdia
lÝdia
lýDia
lýdIa
lýdiA
lydia
Lydia
lYdia
lyDia
lydIa
lydiA
magdaléna
Magdaléna
mAgdaléna
maGdaléna
magDaléna
magdAléna
magdaLéna
magdalÉna
magdaléNa
magdalénA
magdalena
Magdalena
mAgdalena
maGdalena
magDalena
magdAlena
magdaLena
magdalEna
magdaleNa
magdalenA
malvína
Malvína
mAlvína
maLvína
malVína
malvÍna
malvíNa
malvínA
malvina
Malvina
mAlvina
maLvina
malVina
malvIna
malviNa
malvinA
marcel
Marcel
mArcel
maRcel
marCel
marcEl
marceL
marcela
Marcela
mArcela
maRcela
marCela
marcEla
marceLa
marcelA
marek
Marek
mArek
maRek
marEk
mareK
margaréta
Margaréta
mArgaréta
maRgaréta
marGaréta
margAréta
margaRéta
margarÉta
margaréTa
margarétA
margareta
Margareta
mArgareta
maRgareta
marGareta
margAreta
margaReta
margarEta
margareTa
margaretA
margita
Margita
mArgita
maRgita
marGita
margIta
margiTa
margitA
mária
Mária
mÁria
máRia
márIa
máriA
maria
Maria
mAria
maRia
marIa
mariA
marián
Marián
mArián
maRián
marIán
mariÁn
mariáN
marian
Marian
mArian
maRian
marIan
mariAn
mariaN
marianna
Marianna
mArianna
maRianna
marIanna
mariAnna
mariaNna
marianNa
mariannA
marína
Marína
mArína
maRína
marÍna
maríNa
marínA
marina
Marina
mArina
maRina
marIna
mariNa
marinA
mário
Mário
mÁrio
máRio
márIo
máriO
mario
Mario
mArio
maRio
marIo
mariO
maroš
Maroš
mAroš
maRoš
marOš
maroŠ
maros
Maros
mAros
maRos
marOs
maroS
marta
Marta
mArta
maRta
marTa
martA
martin
Martin
mArtin
maRtin
marTin
martIn
martiN
martina
Martina
mArtina
maRtina
marTina
martIna
martiNa
martinA
matej
Matej
mAtej
maTej
matEj
mateJ
matilda
Matilda
mAtilda
maTilda
matIlda
matiLda
matilDa
matildA
matúš
Matúš
mAtúš
maTúš
matÚš
matúŠ
matus
Matus
mAtus
maTus
matUs
matuS
maximilián
Maximilián
mAximilián
maXimilián
maxImilián
maxiMilián
maximIlián
maximiLián
maximilIán
maximiliÁn
maximiliáN
maximilian
Maximilian
mAximilian
maXimilian
maxImilian
maxiMilian
maximIlian
maximiLian
maximilIan
maximiliAn
maximiliaN
medard
Medard
mEdard
meDard
medArd
medaRd
medarD
melánia
Melánia
mElánia
meLánia
melÁnia
meláNia
melánIa
melániA
melania
Melania
mElania
meLania
melAnia
melaNia
melanIa
melaniA
metod
Metod
mEtod
meTod
metOd
metoD
michaela
Michaela
mIchaela
miChaela
micHaela
michAela
michaEla
michaeLa
michaelA
michal
Michal
mIchal
miChal
micHal
michAl
michaL
mikuláš
Mikuláš
mIkuláš
miKuláš
mikUláš
mikuLáš
mikulÁš
mikuláŠ
mikulas
Mikulas
mIkulas
miKulas
mikUlas
mikuLas
mikulAs
mikulaS
milada
Milada
mIlada
miLada
milAda
milaDa
miladA
milan
Milan
mIlan
miLan
milAn
milaN
milena
Milena
mIlena
miLena
milEna
mileNa
milenA
milica
Milica
mIlica
miLica
milIca
miliCa
milicA
miloslav
Miloslav
mIloslav
miLoslav
milOslav
miloSlav
milosLav
miloslAv
miloslaV
miloslava
Miloslava
mIloslava
miLoslava
milOslava
miloSlava
milosLava
miloslAva
miloslaVa
miloslavA
miloš
Miloš
mIloš
miLoš
milOš
miloŠ
milos
Milos
mIlos
miLos
milOs
miloS
milota
Milota
mIlota
miLota
milOta
miloTa
milotA
miriama
Miriama
mIriama
miRiama
mirIama
miriAma
miriaMa
miriamA
miroslav
Miroslav
mIroslav
miRoslav
mirOslav
miroSlav
mirosLav
miroslAv
miroslaV
miroslava
Miroslava
mIroslava
miRoslava
mirOslava
miroSlava
mirosLava
miroslAva
miroslaVa
miroslavA
mojmír
Mojmír
mOjmír
moJmír
mojMír
mojmÍr
mojmíR
mojmir
Mojmir
mOjmir
moJmir
mojMir
mojmIr
mojmiR
monika
Monika
mOnika
moNika
monIka
moniKa
monikA
móric
Móric
mÓric
móRic
mórIc
móriC
moric
Moric
mOric
moRic
morIc
moriC
nadežda
Nadežda
nAdežda
naDežda
nadEžda
nadeŽda
nadežDa
nadeždA
nadezda
Nadezda
nAdezda
naDezda
nadEzda
nadeZda
nadezDa
nadezdA
natália
Natália
nAtália
naTália
natÁlia
natáLia
natálIa
natáliA
natalia
Natalia
nAtalia
naTalia
natAlia
nataLia
natalIa
nataliA
nataša
Nataša
nAtaša
naTaša
natAša
nataŠa
natašA
natasa
Natasa
nAtasa
naTasa
natAsa
nataSa
natasA
nathan
Nathan
nAthan
naThan
natHan
nathAn
nathaN
nikola
Nikola
nIkola
niKola
nikOla
nikoLa
nikolA
nikolaj
Nikolaj
nIkolaj
niKolaj
nikOlaj
nikoLaj
nikolAj
nikolaJ
nina
Nina
nIna
niNa
ninA
nora
Nora
nOra
noRa
norA
norbert
Norbert
nOrbert
noRbert
norBert
norbErt
norbeRt
norberT
odin
Odin
oDin
odIn
odiN
oldrich
Oldrich
oLdrich
olDrich
oldRich
oldrIch
oldriCh
oldricH
oľga
Oľga
oĽga
oľGa
oľgA
olga
Olga
oLga
olGa
olgA
oliver
Oliver
oLiver
olIver
oliVer
olivEr
oliveR
olívia
Olívia
oLívia
olÍvia
olíVia
olívIa
olíviA
olivia
Olivia
oLivia
olIvia
oliVia
olivIa
oliviA
olympia
Olympia
oLympia
olYmpia
olyMpia
olymPia
olympIa
olympiA
ondrej
Ondrej
oNdrej
onDrej
ondRej
ondrEj
ondreJ
oskár
Oskár
oSkár
osKár
oskÁr
oskáR
oskar
Oskar
oSkar
osKar
oskAr
oskaR
otília
Otília
oTília
otÍlia
otíLia
otílIa
otíliA
otilia
Otilia
oTilia
otIlia
otiLia
otilIa
otiliA
oto
Oto
oTo
otO
oxana
Oxana
oXana
oxAna
oxaNa
oxanA
tobiáš
Tobiáš
tObiáš
toBiáš
tobIáš
tobiÁš
tobiáŠ
tobias
Tobias
tObias
toBias
tobIas
tobiAs
tobiaS
tomáš
Tomáš
tOmáš
toMáš
tomÁš
tomáŠ
tomas
Tomas
tOmas
toMas
tomAs
tomaS
urban
Urban
uRban
urBan
urbAn
urbaN
uršuľa
Uršuľa
uRšuľa
urŠuľa
uršUľa
uršuĽa
uršuľA
ursula
Ursula
uRsula
urSula
ursUla
ursuLa
ursulA
václav
Václav
vÁclav
váClav
vácLav
václAv
václaV
vaclav
Vaclav
vAclav
vaClav
vacLav
vaclAv
vaclaV
valentín
Valentín
vAlentín
vaLentín
valEntín
valeNtín
valenTín
valentÍn
valentíN
valentin
Valentin
vAlentin
vaLentin
valEntin
valeNtin
valenTin
valentIn
valentiN
valentína
Valentína
vAlentína
vaLentína
valEntína
valeNtína
valenTína
valentÍna
valentíNa
valentínA
valentina
Valentina
vAlentina
vaLentina
valEntina
valeNtina
valenTina
valentIna
valentiNa
valentinA
valér
Valér
vAlér
vaLér
valÉr
valéR
valer
Valer
vAler
vaLer
valEr
valeR
valéria
Valéria
vAléria
vaLéria
valÉria
valéRia
valérIa
valériA
valeria
Valeria
vAleria
vaLeria
valEria
valeRia
valerIa
valeriA
vanda
Vanda
vAnda
vaNda
vanDa
vandA
vanesa
Vanesa
vAnesa
vaNesa
vanEsa
vaneSa
vanesA
vasil
Vasil
vAsil
vaSil
vasIl
vasiL
vavrinec
Vavrinec
vAvrinec
vaVrinec
vavRinec
vavrInec
vavriNec
vavrinEc
vavrineC
vendelín
Vendelín
vEndelín
veNdelín
venDelín
vendElín
vendeLín
vendelÍn
vendelíN
vendelin
Vendelin
vEndelin
veNdelin
venDelin
vendElin
vendeLin
vendelIn
vendeliN
veronika
Veronika
vEronika
veRonika
verOnika
veroNika
veronIka
veroniKa
veronikA
viera
Viera
vIera
viEra
vieRa
vierA
vieroslava
Vieroslava
vIeroslava
viEroslava
vieRoslava
vierOslava
vieroSlava
vierosLava
vieroslAva
vieroslaVa
vieroslavA
viktor
Viktor
vIktor
viKtor
vikTor
viktOr
viktoR
viktória
Viktória
vIktória
viKtória
vikTória
viktÓria
viktóRia
viktórIa
viktóriA
viktoria
Viktoria
vIktoria
viKtoria
vikToria
viktOria
viktoRia
viktorIa
viktoriA
viliam
Viliam
vIliam
viLiam
vilIam
viliAm
viliaM
vilma
Vilma
vIlma
viLma
vilMa
vilmA
vincent
Vincent
vIncent
viNcent
vinCent
vincEnt
vinceNt
vincenT
viola
Viola
vIola
viOla
vioLa
violA
vít
Vít
vÍt
víT
vit
Vit
vIt
viT
víťazoslav
Víťazoslav
vÍťazoslav
víŤazoslav
víťAzoslav
víťaZoslav
víťazOslav
víťazoSlav
víťazosLav
víťazoslAv
víťazoslaV
vitazoslav
Vitazoslav
vItazoslav
viTazoslav
vitAzoslav
vitaZoslav
vitazOslav
vitazoSlav
vitazosLav
vitazoslAv
vitazoslaV
vladimír
Vladimír
vLadimír
vlAdimír
vlaDimír
vladImír
vladiMír
vladimÍr
vladimíR
vladimir
Vladimir
vLadimir
vlAdimir
vlaDimir
vladImir
vladiMir
vladimIr
vladimiR
vladimíra
Vladimíra
vLadimíra
vlAdimíra
vlaDimíra
vladImíra
vladiMíra
vladimÍra
vladimíRa
vladimírA
vladimira
Vladimira
vLadimira
vlAdimira
vlaDimira
vladImira
vladiMira
vladimIra
vladimiRa
vladimirA
vladislav
Vladislav
vLadislav
vlAdislav
vlaDislav
vladIslav
vladiSlav
vladisLav
vladislAv
vladislaV
vlasta
Vlasta
vLasta
vlAsta
vlaSta
vlasTa
vlastA
vlastimil
Vlastimil
vLastimil
vlAstimil
vlaStimil
vlasTimil
vlastImil
vlastiMil
vlastimIl
vlastimiL
vojtech
Vojtech
vOjtech
voJtech
vojTech
vojtEch
vojteCh
vojtecH
vratislav
Vratislav
vRatislav
vrAtislav
vraTislav
vratIslav
vratiSlav
vratisLav
vratislAv
vratislaV
vratko
Vratko
vRatko
vrAtko
vraTko
vratKo
vratkO
xénia
Xénia
xÉnia
xéNia
xénIa
xéniA
xenia
Xenia
xEnia
xeNia
xenIa
xeniA
zdenka
Zdenka
zDenka
zdEnka
zdeNka
zdenKa
zdenkA
zdenko
Zdenko
zDenko
zdEnko
zdeNko
zdenKo
zdenkO
zina
Zina
zIna
ziNa
zinA
zita
Zita
zIta
ziTa
zitA
zlatica
Zlatica
zLatica
zlAtica
zlaTica
zlatIca
zlatiCa
zlaticA
zlatko
Zlatko
zLatko
zlAtko
zlaTko
zlatKo
zlatkO
zoja
Zoja
zOja
zoJa
zojA
zoltán
Zoltán
zOltán
zoLtán
zolTán
zoltÁn
zoltáN
zoltan
Zoltan
zOltan
zoLtan
zolTan
zoltAn
zoltaN
zora
Zora
zOra
zoRa
zorA
zuzana
Zuzana
zUzana
zuZana
zuzAna
zuzaNa
zuzanA
žaneta
Žaneta
žAneta
žaNeta
žanEta
žaneTa
žanetA
zaneta
Zaneta
zAneta
zaNeta
zanEta
zaneTa
zanetA
želmíra
Želmíra
žElmíra
žeLmíra
želMíra
želmÍra
želmíRa
želmírA
zelmira
Zelmira
zElmira
zeLmira
zelMira
zelmIra
zelmiRa
zelmirA
žigmund
Žigmund
žIgmund
žiGmund
žigMund
žigmUnd
žigmuNd
žigmunD
zigmund
Zigmund
zIgmund
ziGmund
zigMund
zigmUnd
zigmuNd
zigmunD
žofia
Žofia
žOfia
žoFia
žofIa
žofiA
zofia
Zofia
zOfia
zoFia
zofIa
zofiA
pankrác
Pankrác
pAnkrác
paNkrác
panKrác
pankRác
pankrÁc
pankráC
pankrac
Pankrac
pAnkrac
paNkrac
panKrac
pankRac
pankrAc
pankraC
patrícia
Patrícia
pAtrícia
paTrícia
patRícia
patrÍcia
patríCia
patrícIa
patríciA
patricia
Patricia
pAtricia
paTricia
patRicia
patrIcia
patriCia
patricIa
patriciA
patrik
Patrik
pAtrik
paTrik
patRik
patrIk
patriK
paulína
Paulína
pAulína
paUlína
pauLína
paulÍna
paulíNa
paulínA
paulina
Paulina
pAulina
paUlina
pauLina
paulIna
pauliNa
paulinA
pavol
Pavol
pAvol
paVol
pavOl
pavoL
perla
Perla
pErla
peRla
perLa
perlA
peter
Peter
pEter
peTer
petEr
peteR
petra
Petra
pEtra
peTra
petRa
petrA
petrana
Petrana
pEtrana
peTrana
petRana
petrAna
petraNa
petranA
petronela
Petronela
pEtronela
peTronela
petRonela
petrOnela
petroNela
petronEla
petroneLa
petronelA
pravoslav
Pravoslav
pRavoslav
prAvoslav
praVoslav
pravOslav
pravoSlav
pravosLav
pravoslAv
pravoslaV
prokop
Prokop
pRokop
prOkop
proKop
prokOp
prokoP
radomír
Radomír
rAdomír
raDomír
radOmír
radoMír
radomÍr
radomíR
radomir
Radomir
rAdomir
raDomir
radOmir
radoMir
radomIr
radomiR
radoslav
Radoslav
rAdoslav
raDoslav
radOslav
radoSlav
radosLav
radoslAv
radoslaV
radoslava
Radoslava
rAdoslava
raDoslava
radOslava
radoSlava
radosLava
radoslAva
radoslaVa
radoslavA
radovan
Radovan
rAdovan
raDovan
radOvan
radoVan
radovAn
radovaN
radovana
Radovana
rAdovana
raDovana
radOvana
radoVana
radovAna
radovaNa
radovanA
radúz
Radúz
rAdúz
raDúz
radÚz
radúZ
raduz
Raduz
rAduz
raDuz
radUz
raduZ
rastislav
Rastislav
rAstislav
raStislav
rasTislav
rastIslav
rastiSlav
rastisLav
rastislAv
rastislaV
rebeka
Rebeka
rEbeka
reBeka
rebEka
rebeKa
rebekA
regína
Regína
rEgína
reGína
regÍna
regíNa
regínA
regina
Regina
rEgina
reGina
regIna
regiNa
reginA
renáta
Renáta
rEnáta
reNáta
renÁta
renáTa
renátA
renata
Renata
rEnata
reNata
renAta
renaTa
renatA
rené
René
rEné
reNé
renÉ
rene
Rene
rEne
reNe
renE
richard
Richard
rIchard
riChard
ricHard
richArd
richaRd
richarD
róbert
Róbert
rÓbert
róBert
róbErt
róbeRt
róberT
robert
Robert
rObert
roBert
robErt
robeRt
roberT
roland
Roland
rOland
roLand
rolAnd
rolaNd
rolanD
roman
Roman
rOman
roMan
romAn
romaN
romana
Romana
rOmana
roMana
romAna
romaNa
romanA
rozália
Rozália
rOzália
roZália
rozÁlia
rozáLia
rozálIa
rozáliA
rozalia
Rozalia
rOzalia
roZalia
rozAlia
rozaLia
rozalIa
rozaliA
rudolf
Rudolf
rUdolf
ruDolf
rudOlf
rudoLf
rudolF
ružena
Ružena
rUžena
ruŽena
ružEna
ružeNa
ruženA
ruzena
Ruzena
rUzena
ruZena
ruzEna
ruzeNa
ruzenA
sabína
Sabína
sAbína
saBína
sabÍna
sabíNa
sabínA
sabina
Sabina
sAbina
saBina
sabIna
sabiNa
sabinA
samuel
Samuel
sAmuel
saMuel
samUel
samuEl
samueL
sandra
Sandra
sAndra
saNdra
sanDra
sandRa
sandrA
sára
Sára
sÁra
sáRa
sárA
sara
Sara
sAra
saRa
sarA
sebastián
Sebastián
sEbastián
seBastián
sebAstián
sebaStián
sebasTián
sebastIán
sebastiÁn
sebastiáN
sebastian
Sebastian
sEbastian
seBastian
sebAstian
sebaStian
sebasTian
sebastIan
sebastiAn
sebastiaN
sergej
Sergej
sErgej
seRgej
serGej
sergEj
sergeJ
servác
Servác
sErvác
seRvác
serVác
servÁc
serváC
servac
Servac
sErvac
seRvac
serVac
servAc
servaC
seth
Seth
sEth
seTh
setH
severín
Severín
sEverín
seVerín
sevErín
seveRín
severÍn
severíN
severin
Severin
sEverin
seVerin
sevErin
seveRin
severIn
severiN
sidónia
Sidónia
sIdónia
siDónia
sidÓnia
sidóNia
sidónIa
sidóniA
sidonia
Sidonia
sIdonia
siDonia
sidOnia
sidoNia
sidonIa
sidoniA
silvester
Silvester
sIlvester
siLvester
silVester
silvEster
silveSter
silvesTer
silvestEr
silvesteR
silvia
Silvia
sIlvia
siLvia
silVia
silvIa
silviA
simona
Simona
sImona
siMona
simOna
simoNa
simonA
sláva
Sláva
sLáva
slÁva
sláVa
slávA
slava
Slava
sLava
slAva
slaVa
slavA
slávka
Slávka
sLávka
slÁvka
sláVka
slávKa
slávkA
slavka
Slavka
sLavka
slAvka
slaVka
slavKa
slavkA
slavomír
Slavomír
sLavomír
slAvomír
slaVomír
slavOmír
slavoMír
slavomÍr
slavomíR
slavomir
Slavomir
sLavomir
slAvomir
slaVomir
slavOmir
slavoMir
slavomIr
slavomiR
slavomíra
Slavomíra
sLavomíra
slAvomíra
slaVomíra
slavOmíra
slavoMíra
slavomÍra
slavomíRa
slavomírA
slavomira
Slavomira
sLavomira
slAvomira
slaVomira
slavOmira
slavoMira
slavomIra
slavomiRa
slavomirA
sofia
Sofia
sOfia
soFia
sofIa
sofiA
soňa
Soňa
sOňa
soŇa
soňA
sona
Sona
sOna
soNa
sonA
stanislav
Stanislav
sTanislav
stAnislav
staNislav
stanIslav
staniSlav
stanisLav
stanislAv
stanislaV
stanislava
Stanislava
sTanislava
stAnislava
staNislava
stanIslava
staniSlava
stanisLava
stanislAva
stanislaVa
stanislavA
stela
Stela
sTela
stEla
steLa
stelA
svätopluk
Svätopluk
sVätopluk
svÄtopluk
sväTopluk
svätOpluk
svätoPluk
svätopLuk
svätoplUk
svätopluK
svatopluk
Svatopluk
sVatopluk
svAtopluk
svaTopluk
svatOpluk
svatoPluk
svatopLuk
svatoplUk
svatopluK
svetlana
Svetlana
sVetlana
svEtlana
sveTlana
svetLana
svetlAna
svetlaNa
svetlanA
svetozár
Svetozár
sVetozár
svEtozár
sveTozár
svetOzár
svetoZár
svetozÁr
svetozáR
svetozar
Svetozar
sVetozar
svEtozar
sveTozar
svetOzar
svetoZar
svetozAr
svetozaR
šarlota
Šarlota
šArlota
šaRlota
šarLota
šarlOta
šarloTa
šarlotA
sarlota
Sarlota
sArlota
saRlota
sarLota
sarlOta
sarloTa
sarlotA
šimon
Šimon
šImon
šiMon
šimOn
šimoN
simon
Simon
sImon
siMon
simOn
simoN
štefan
Štefan
šTefan
štEfan
šteFan
štefAn
štefaN
stefan
Stefan
sTefan
stEfan
steFan
stefAn
stefaN
štefánia
Štefánia
šTefánia
štEfánia
šteFánia
štefÁnia
štefáNia
štefánIa
štefániA
stefania
Stefania
sTefania
stEfania
steFania
stefAnia
stefaNia
stefanIa
stefaniA
tadeáš
Tadeáš
tAdeáš
taDeáš
tadEáš
tadeÁš
tadeáŠ
tadeas
Tadeas
tAdeas
taDeas
tadEas
tadeAs
tadeaS
tatiana
Tatiana
tAtiana
taTiana
tatIana
tatiAna
tatiaNa
tatianA
teodor
Teodor
tEodor
teOdor
teoDor
teodOr
teodoR
terézia
Terézia
tErézia
teRézia
terÉzia
teréZia
terézIa
teréziA
terezia
Terezia
tErezia
teRezia
terEzia
tereZia
terezIa
tereziA
theodora
Theodora
tHeodora
thEodora
theOdora
theoDora
theodOra
theodoRa
theodorA
tibor
Tibor
tIbor
tiBor
tibOr
tiboR
tiffany
Tiffany
tIffany
tiFfany
tifFany
tiffAny
tiffaNy
tiffanY
tichomír
Tichomír
tIchomír
tiChomír
ticHomír
tichOmír
tichoMír
tichomÍr
tichomíR
tichomir
Tichomir
tIchomir
tiChomir
ticHomir
tichOmir
tichoMir
tichomIr
tichomiR
timea
Timea
tImea
tiMea
timEa
timeA
timotej
Timotej
tImotej
tiMotej
timOtej
timoTej
timotEj
timoteJ
