Adalbert
Adam (prvé meno)
Adamko
Adela (prvé meno)
Adelka
Adolf
Adrián
Adriána
Adriano
Agáta (prvé meno)
Agátka
Agnesa (prvé meno)
Alan (prvé meno)
Alana
Albert (prvé meno)
Albín
Albína
Alena
Alenka
Aleš
Aleško
Alex (prvé meno)
Alxko
Alexander (prvé meno)
Alexandra
Alexej
Alexia
Alfonz
Alfréd
Alica
Alicka
Alojz
Alojzko
Lojzo
Alojzia
Lojza
Alžbeta (prvé meno)
Alžbetka
Amália
Amálka
Ambróz
Anabela
Anabelka
Anastázia (prvé meno)
Andrea
Andrejka
Andrej
Andrejko
Anežka
Angela
Angelika
Anita
Anitka
Anna
Anička
Anton
Antonko
Antónia
Ariel (meno)
Arnold
Áron (prvé meno)
Arpád (prvé meno)
Augustín (prvé meno)
Aurel (prvé meno)
Aurélia
Ayala
B
Barbara (prvé meno)
Barbarka
Barbora (prvé meno)
Barkoborka
Barnabáš
Barnabáš
Bartolomej (prvé meno)
Bartolomejko
Beáta
Beátka
Belo (prvé meno)
Beňadik
Benedikt (prvé meno)
Benjamín (prvé meno)
Bernard (prvé meno)
Berta
Bianka
Biana
Bibiána
Bibiánka
Blahoslav
Blanka (prvé meno)
Blažej (prvé meno)
Blažejko
Blažena
Blaženka
Bohdan
Bohdanko
Bohdana
Bohdanka
Bohumil
Bohumilko
Bohumila
Bohumilka
Bohumír
Bohuslav (prvé meno)
Bohuslava
Bohuš
Bohuško
Boleslav (prvé meno)
Bonifác
Bonifácko
Boris (prvé meno)
Borisko
Božena
Boženka
Božidara
Branislav
Braňo
Branislava
Brfxxccxxmnpcccclllmmnprxvclmnckssqlbb11116
Brigita
Bronislava
Bruno
Bystrík (prvé meno)
C
Cecília
Cecilka
Ctibor
Ctiborko
Cyprián
Cyril (prvé meno)
Cyrilko
D
Dagmara
Dagmarka
Dalibor
Daliborko
Dana (ženské meno)
Danka
Danica
Daniel (prvé meno)
Danielko
Danko
Daniela
Danielka
Darina
Darinka
Dáša
Dáška
Dávid (prvé meno)
Dávidko
Demeter (prvé meno)
Denis
Denisko
Denisa
Deniska
Dezider
Deziderko
Diana (prvé meno)
Dianka
Dionýz (prvé meno)
Dobromila
Dobroslav
Dobroslava (prvé meno)
Dominik
Dominika (prvé meno)
Dorota (prvé meno)
Dorotka
Drahomír
Drahhomírko
Drahomíra
Drahoslav
Drahoslava
Dušan
Duško
Dušana
E
Eder (prvé meno)
Edita
Editka
Edmund
Edmundko
Eduard
Eduardko
Ela
Elena
Elenka
Eleonóra
Eliáš (prvé meno)
Elisa (prvé meno)
Eliška
Elvíra
Ema
Emka
Emanuel
Emil
Emília
Enna (prvé meno)
Erik
Erika
Ernest
Ervín
Ester (meno)
Estera
Etela
Eugen
Eugénia
Eulália
Eunika
Eva (prvé meno)
Evka
F
Fedor (prvé meno)
Félix (prvé meno)
Ferdinand (prvé meno)
Filip (prvé meno)
Filoména
Florián (prvé meno)
František (prvé meno)
Františka
Frederik
Frederika
Fridrich
G
Gabriel (prvé meno)
Gabriela
Galina
Gašpar (prvé meno)
Gejza (prvé meno)
Gertrúda
Gizela
Gizelka
Gregor (prvé meno)
Gustáv
H
Halina
Hana
Hanka
Hedviga
Helena (prvé meno)
Helenka
Henrieta
Henrich (prvé meno)
Herbert
Hermína
Hilda
Hilduška
Hortenzia (meno)
Hubert
Hubertko
Hugo
I
Ida (prvé meno)
Ignác
Ignácko
Igor
Igorko
Iľja
Imrich (prvé meno)
Imriško
Ingrida
Ingridka
Ingrid
Irena (prvé meno)
Irenka
Iris (prvé meno)
Irma
Ivan (prvé meno)
Ivanko
Ivana
Ivanka
Iveta
Ivetka
Ivica
Ivona
Ivonka
Izabela
Izabelka
Izidor
Izidorko
J
Jakub (prvé meno)
Jakobuko
Ján (prvé meno)
Janko
Jana (prvé meno)
Janka
Jarmila
Jarmilka
Jarolím
Jaromír (prvé meno)
Jaromíra
Jaroslav
Jarko
Jaroslavko
Jaroslava
Jaroslavka
Jarka
Jela
Jerguš
Jerguško
Jerry (prvé meno)
Jesika
Jolana
Jolanka
Jonáš (prvé meno)
Jozef (prvé meno)
Jožko
Jozefína
Jožka
Judita (prvé meno)
Juitka
Júlia
Julka
Juliana
Július (prvé meno)
Julko
Juraj (prvé meno)
Jurajko
Justína
Justínka
K
Kamil
Kamilko
Kamila
Kamilka
Karina
Karinka
Karol (prvé meno)
Karolko
Karolína (prvé meno)
Karolínka
Katarína (prvé meno)
Katarínka
Kazimír (prvé meno)
Kazimírko
Klára
Klárka
Klaudia
Klaudínka
Klement (prvé meno)
Klementko
Kliment (prvé meno)
Klimentko
Koloman (prvé meno)
Konštantín (prvé meno)
Kornel
Kornelko
Kornélia
Kornelka
Kovid (meno)
Kristián
Kiko
Kristína
Kristínka
Krištof (prvé meno)
Krištofko
Kvetoslav
Kvetoslava
Kvetka
L
Ladislav (prvé meno)
Laďo
Ladislava
Laura
Lea
Lena
Lenka (prvé meno)
Leonard
Leonardko
Leopold (prvé meno)
Leopoldko
Leopolda
Lesana
Lesia
Levoslav
Levo
Liana (prvé meno)
Libor
Liborko
Libuša (prvé meno)
Libuška
Linda
Lívia
Lolita (prvé meno)
Ľubomír
Ľubo
Ľubko
Ľubomíra
Ľubor
Ľuboslav
Ľuboslava
Ľuboš
Ľuboško
Lucia (prvé meno)
Lucka
Ľudmila (prvé meno)
Ľudmilka
Ludolf
Ľudomil
Ľudomila
Ľudovít (prvé meno)
Lujza
Lukáš (prvé meno)
Lukáško
Luna (prve meno)
Lýdia (prvé meno)
M
Magdaléna
Magdalénka
Malvína
Marcel
Marcleko
Marcela
Marcelka
Marek (prvé meno)
Mareček
Margaréta (prvé meno)
Margarétka
Margita (prvé meno)
Margitka
Mária (prvé meno)
Majka
Marián (prvé meno)
Mariánko
Marianna
Marína (prvé meno)
Mário
Majo
Maroš (prvé meno)
Maroško
Marta (prvé meno)
Martuška
Martin (prvé meno)
Martinko
Martina (prvé meno)
Martinka
Maťa
Matej (prvé meno)
Maťo
Maťko
Matilda
Matúš
Matuško
Maximilián
Maximko
Medard (prvé meno)
Melánia
Metod
Metodko
Michaela
Miška
Michal (prvé meno)
Miško
Mikuláš (prvé meno)
Miki
Milada (prvé meno)
Miladka
Milan (prvé meno)
Milanko
Milena
Milenka
Milica
Micka
Miloslav
Miloslava
Miloš
Milota (prvé meno)
Miriama
Mirka
Mira
Miroslav
Miro
Miroslava
Mojmír (prvé meno)
Monika
Monička
Móric (prvé meno)
Móricko
Nadežda
Nadežka
Natália
Natálka
Nataša
Nataška
Nathan
Nathaniel
Nikola
Nika
Nikolka
Nikolaj
Nikoljko
Nina
Ninka
Nora (prvé meno)
Norka
Norbert (prvé meno)
Noro
Odin (prvé meno)
Oldrich
Oľga
Oľguška
Oliver
Oliverko
Olívia
Oľa
Olympia (prvé meno)
Ondrej (prvé meno)
Ondrejko
Oskár
Oskar
Otília
Oto
Oxana
Oxanka
Urban (prvé meno)
Uršuľa (prvé meno)
Václav (prvé meno)
Vašo
Valentín (prvé meno)
Valentína
Valér (meno)
Valéria
Vanda
Vanesa
Vaneska
Vasil (prvé meno)
Vasiľko
Vavrinec (prvé meno)
Vendelín (prvé meno)
Veronika (prvé meno)
Veva
Viera (prvé meno)
Vierka
Vieroslava
Viktor
Viktorko
Viktória (prvé meno)
Viki
Viliam (prvé meno)
Vilo
Vilma
Vincent (prvé meno)
Viola (prvé meno)
Vít
Víťazoslav
Vlado
Vladimír (meno)
Vladko
Vladimíra
Vladislav (meno)
Vlasta
Vlastička
Vlastimil
Vojtech (prvé meno)
Vojto
Vratislav (prvé meno)
Vratko
Xénia
Zdena
Zdenka
Zdenko
Zina
Zita
Zitka
Zlatica (prvé meno)
Zlatko
Zoja
Zoltán (prvé meno)
Zora (prvé meno)
Zorka
Zuzana
Zuzka
Ž
Žaneta
Žanetka
Želmíra
Žigmund (prvé meno)
Žofia
Pankrác (prvé meno)
Patrícia
Paťka
Patrik (prvé meno)
Paťo
Paulína
Paula
Pavol (prvé meno)
Pavolko
Perla (prvé meno)
Perlička
Peter (prvé meno)
Peťo
Peťko
Petra (prvé meno)
Peťa
Petrička
Petruška
Petrana
Petronela
Pravoslav
Prokop
R
Radomír
Radko
Rado
Radoslav
Radoslava
Radovan
Radovana
Radúz
Rastislav (prvé meno)
Rasťo
Rebeka (prvé meno)
Rebečka
Regína (prvé meno)
Renáta
Renátka
René
Richard (prvé meno)
Riško
Róbert
Róbertko
Roland
Rolo
Roman (prvé meno)
Romanko
Romana
Romanka
Rozália
Rožka
Rudolf
Rudko
Ružena
Ruženka
S
Sabína
Sabinka
Samuel (prvé meno)
Samko
Sandra (prvé meno)
Sára (prvé meno)
Sárka
Sebastián
Sebko
Sergej
Servác
Seth (prvé meno)
Severín (prvé meno)
Sidónia
Silvester (prvé meno)
Silvo
Silvia
Silvinka
Simona
Simonka
Sláva
Slávka
Slavomír (prvé meno)
Slavomíra
Slavo
Sofia (meno)
Sofinka
Soňa
Soňička
Stanislav (prvé meno)
Stanko
Stanislava
Stela
Stelka
Svätopluk (prvé meno)
Svetlana
Svetlanka
Svetozár
Sveťo
Š
Šarlota
Šarlotka
Šimon (prvé meno)
Šimonko
Štefan (prvé meno)
Števko
Števo
Štefánia
Števka
T
Tadeáš
Tatiana
Tatianka
Teodor (prvé meno)
Teodorko
Terézia
Terazka
Theodora (prvé meno)
Tibor
Tiborko
Tiffany (prvé meno)
Tichomír
Timea
Tea
Timotej (prvé meno)
Tobiáš (prvé meno)
Tobi
Tomáš (prvé meno)
Tomáško